Archive member included to satisfy reference by file (symbol)

c:/gcc-arm-none-eabi-10.3-2021.10/bin/../lib/gcc/arm-none-eabi/10.3.1/../../../../arm-none-eabi/lib/thumb/v7e-m/nofp\libstdc++.a(del_ops.o)
                              Libraries/FEHIO.o (operator delete(void*, unsigned int))
c:/gcc-arm-none-eabi-10.3-2021.10/bin/../lib/gcc/arm-none-eabi/10.3.1/../../../../arm-none-eabi/lib/thumb/v7e-m/nofp\libstdc++.a(new_op.o)
                              Libraries/FEHIO.o (operator new(unsigned int))
c:/gcc-arm-none-eabi-10.3-2021.10/bin/../lib/gcc/arm-none-eabi/10.3.1/../../../../arm-none-eabi/lib/thumb/v7e-m/nofp\libstdc++.a(bad_alloc.o)
                              c:/gcc-arm-none-eabi-10.3-2021.10/bin/../lib/gcc/arm-none-eabi/10.3.1/../../../../arm-none-eabi/lib/thumb/v7e-m/nofp\libstdc++.a(new_op.o) (std::bad_alloc::~bad_alloc())
c:/gcc-arm-none-eabi-10.3-2021.10/bin/../lib/gcc/arm-none-eabi/10.3.1/../../../../arm-none-eabi/lib/thumb/v7e-m/nofp\libstdc++.a(del_op.o)
                              c:/gcc-arm-none-eabi-10.3-2021.10/bin/../lib/gcc/arm-none-eabi/10.3.1/../../../../arm-none-eabi/lib/thumb/v7e-m/nofp\libstdc++.a(del_ops.o) (operator delete(void*))
c:/gcc-arm-none-eabi-10.3-2021.10/bin/../lib/gcc/arm-none-eabi/10.3.1/../../../../arm-none-eabi/lib/thumb/v7e-m/nofp\libstdc++.a(eh_alloc.o)
                              c:/gcc-arm-none-eabi-10.3-2021.10/bin/../lib/gcc/arm-none-eabi/10.3.1/../../../../arm-none-eabi/lib/thumb/v7e-m/nofp\libstdc++.a(new_op.o) (__cxa_allocate_exception)
c:/gcc-arm-none-eabi-10.3-2021.10/bin/../lib/gcc/arm-none-eabi/10.3.1/../../../../arm-none-eabi/lib/thumb/v7e-m/nofp\libstdc++.a(eh_exception.o)
                              c:/gcc-arm-none-eabi-10.3-2021.10/bin/../lib/gcc/arm-none-eabi/10.3.1/../../../../arm-none-eabi/lib/thumb/v7e-m/nofp\libstdc++.a(bad_alloc.o) (std::exception::~exception())
c:/gcc-arm-none-eabi-10.3-2021.10/bin/../lib/gcc/arm-none-eabi/10.3.1/../../../../arm-none-eabi/lib/thumb/v7e-m/nofp\libstdc++.a(eh_terminate.o)
                              c:/gcc-arm-none-eabi-10.3-2021.10/bin/../lib/gcc/arm-none-eabi/10.3.1/../../../../arm-none-eabi/lib/thumb/v7e-m/nofp\libstdc++.a(eh_alloc.o) (std::terminate())
c:/gcc-arm-none-eabi-10.3-2021.10/bin/../lib/gcc/arm-none-eabi/10.3.1/../../../../arm-none-eabi/lib/thumb/v7e-m/nofp\libstdc++.a(eh_throw.o)
                              c:/gcc-arm-none-eabi-10.3-2021.10/bin/../lib/gcc/arm-none-eabi/10.3.1/../../../../arm-none-eabi/lib/thumb/v7e-m/nofp\libstdc++.a(new_op.o) (__cxa_throw)
c:/gcc-arm-none-eabi-10.3-2021.10/bin/../lib/gcc/arm-none-eabi/10.3.1/../../../../arm-none-eabi/lib/thumb/v7e-m/nofp\libstdc++.a(eh_unex_handler.o)
                              c:/gcc-arm-none-eabi-10.3-2021.10/bin/../lib/gcc/arm-none-eabi/10.3.1/../../../../arm-none-eabi/lib/thumb/v7e-m/nofp\libstdc++.a(eh_terminate.o) (__cxxabiv1::__unexpected_handler)
c:/gcc-arm-none-eabi-10.3-2021.10/bin/../lib/gcc/arm-none-eabi/10.3.1/../../../../arm-none-eabi/lib/thumb/v7e-m/nofp\libstdc++.a(new_handler.o)
                              c:/gcc-arm-none-eabi-10.3-2021.10/bin/../lib/gcc/arm-none-eabi/10.3.1/../../../../arm-none-eabi/lib/thumb/v7e-m/nofp\libstdc++.a(new_op.o) (std::get_new_handler())
c:/gcc-arm-none-eabi-10.3-2021.10/bin/../lib/gcc/arm-none-eabi/10.3.1/../../../../arm-none-eabi/lib/thumb/v7e-m/nofp\libstdc++.a(pure.o)
                              c:/gcc-arm-none-eabi-10.3-2021.10/bin/../lib/gcc/arm-none-eabi/10.3.1/../../../../arm-none-eabi/lib/thumb/v7e-m/nofp\libstdc++.a(eh_exception.o) (__cxa_pure_virtual)
c:/gcc-arm-none-eabi-10.3-2021.10/bin/../lib/gcc/arm-none-eabi/10.3.1/../../../../arm-none-eabi/lib/thumb/v7e-m/nofp\libstdc++.a(si_class_type_info.o)
                              c:/gcc-arm-none-eabi-10.3-2021.10/bin/../lib/gcc/arm-none-eabi/10.3.1/../../../../arm-none-eabi/lib/thumb/v7e-m/nofp\libstdc++.a(bad_alloc.o) (vtable for __cxxabiv1::__si_class_type_info)
c:/gcc-arm-none-eabi-10.3-2021.10/bin/../lib/gcc/arm-none-eabi/10.3.1/../../../../arm-none-eabi/lib/thumb/v7e-m/nofp\libstdc++.a(tinfo.o)
                              c:/gcc-arm-none-eabi-10.3-2021.10/bin/../lib/gcc/arm-none-eabi/10.3.1/../../../../arm-none-eabi/lib/thumb/v7e-m/nofp\libstdc++.a(si_class_type_info.o) (std::type_info::__is_pointer_p() const)
c:/gcc-arm-none-eabi-10.3-2021.10/bin/../lib/gcc/arm-none-eabi/10.3.1/../../../../arm-none-eabi/lib/thumb/v7e-m/nofp\libstdc++.a(vterminate.o)
                              c:/gcc-arm-none-eabi-10.3-2021.10/bin/../lib/gcc/arm-none-eabi/10.3.1/../../../../arm-none-eabi/lib/thumb/v7e-m/nofp\libstdc++.a(eh_terminate.o) (__gnu_cxx::__verbose_terminate_handler())
c:/gcc-arm-none-eabi-10.3-2021.10/bin/../lib/gcc/arm-none-eabi/10.3.1/../../../../arm-none-eabi/lib/thumb/v7e-m/nofp\libstdc++.a(class_type_info.o)
[...]
Memory Configuration

Name             Origin             Length             Attributes
PROGRAM_FLASH    0x0000c000         0x00073c00         xr
SRAM_UPPER       0x20000000         0x00010000         xrw
SRAM_LOWER       0x1fff0000         0x00010000         xrw
*default*        0x00000000         0xffffffff

Linker script and memory map

LOAD c:/gcc-arm-none-eabi-10.3-2021.10/bin/../lib/gcc/arm-none-eabi/10.3.1/thumb/v7e-m/nofp/crti.o
LOAD c:/gcc-arm-none-eabi-10.3-2021.10/bin/../lib/gcc/arm-none-eabi/10.3.1/thumb/v7e-m/nofp/crtbegin.o
LOAD c:/gcc-arm-none-eabi-10.3-2021.10/bin/../lib/gcc/arm-none-eabi/10.3.1/../../../../arm-none-eabi/lib/thumb/v7e-m/nofp/crt0.o
LOAD ../main.o
LOAD Startup/startup_mk60d10.o
LOAD Libraries/FEHMotor.o
LOAD Drivers/mcg.o
LOAD Drivers/i2c.o
LOAD Drivers/spi.o
LOAD Drivers/uart.o
LOAD Drivers/ff.o
LOAD Drivers/SDHC.o
LOAD Drivers/lptmr.o
LOAD FEHProteus.o
LOAD Drivers/FEHPropeller.o
LOAD Libraries/FEHUtility.o
LOAD Libraries/FEHIO.o
LOAD Drivers/adc16.o
LOAD Libraries/FEHBuzzer.o
LOAD Libraries/FEHServo.o
LOAD Libraries/FEHLCD.o
LOAD Libraries/FEHAccel.o
LOAD Libraries/FEHBattery.o
LOAD Drivers/FEHXBee.o
LOAD Libraries/FEHRPS.o
LOAD Libraries/FEHSD.o
LOAD Libraries/FEHRandom.o
LOAD c:/gcc-arm-none-eabi-10.3-2021.10/bin/../lib/gcc/arm-none-eabi/10.3.1/../../../../arm-none-eabi/lib/thumb/v7e-m/nofp\libstdc++.a
LOAD c:/gcc-arm-none-eabi-10.3-2021.10/bin/../lib/gcc/arm-none-eabi/10.3.1/../../../../arm-none-eabi/lib/thumb/v7e-m/nofp\libm.a
START GROUP
LOAD c:/gcc-arm-none-eabi-10.3-2021.10/bin/../lib/gcc/arm-none-eabi/10.3.1/thumb/v7e-m/nofp\libgcc.a
LOAD c:/gcc-arm-none-eabi-10.3-2021.10/bin/../lib/gcc/arm-none-eabi/10.3.1/../../../../arm-none-eabi/lib/thumb/v7e-m/nofp\libg.a
LOAD c:/gcc-arm-none-eabi-10.3-2021.10/bin/../lib/gcc/arm-none-eabi/10.3.1/../../../../arm-none-eabi/lib/thumb/v7e-m/nofp\libc.a
END GROUP
START GROUP
LOAD c:/gcc-arm-none-eabi-10.3-2021.10/bin/../lib/gcc/arm-none-eabi/10.3.1/thumb/v7e-m/nofp\libgcc.a
LOAD c:/gcc-arm-none-eabi-10.3-2021.10/bin/../lib/gcc/arm-none-eabi/10.3.1/../../../../arm-none-eabi/lib/thumb/v7e-m/nofp\libc.a
LOAD c:/gcc-arm-none-eabi-10.3-2021.10/bin/../lib/gcc/arm-none-eabi/10.3.1/../../../../arm-none-eabi/lib/thumb/v7e-m/nofp\libnosys.a
END GROUP
LOAD c:/gcc-arm-none-eabi-10.3-2021.10/bin/../lib/gcc/arm-none-eabi/10.3.1/thumb/v7e-m/nofp/crtend.o
LOAD c:/gcc-arm-none-eabi-10.3-2021.10/bin/../lib/gcc/arm-none-eabi/10.3.1/thumb/v7e-m/nofp/crtn.o
                0x0000c000                __base_PROGRAM_FLASH = 0xc000
                0x0000c000                __base_Flash = 0xc000
                0x0007fc00                __top_PROGRAM_FLASH = 0x7fc00
                0x0007fc00                __top_Flash = 0x7fc00
                0x20000000                __base_SRAM_UPPER = 0x20000000
                0x20000000                __base_RAM = 0x20000000
                0x20010000                __top_SRAM_UPPER = 0x20010000
                0x20010000                __top_RAM = 0x20010000
                0x1fff0000                __base_SRAM_LOWER = 0x1fff0000
                0x1fff0000                __base_RAM2 = 0x1fff0000
                0x20000000                __top_SRAM_LOWER = 0x20000000
                0x20000000                __top_RAM2 = 0x20000000

.text           0x0000c000      0x410
 FILL mask 0xff
                0x0000c000                __vectors_start__ = ABSOLUTE (.)
 *(.isr_vector)
 .isr_vector    0x0000c000      0x1bc Startup/startup_mk60d10.o
                0x0000c000                g_pfnVectors
                0x0000c000                __Vectors
                0x0000c1bc                . = ALIGN (0x4)
                0x0000c1bc                __section_table_start = .
                0x0000c1bc                __data_section_table = .
                0x0000c1bc        0x4 LONG 0x2d6e4 LOADADDR (.data)
                0x0000c1c0        0x4 LONG 0x20000000 ADDR (.data)
                0x0000c1c4        0x4 LONG 0x16d0 SIZEOF (.data)
                0x0000c1c8        0x4 LONG 0x2d6e4 LOADADDR (.data_RAM2)
                0x0000c1cc        0x4 LONG 0x1fff0000 ADDR (.data_RAM2)
                0x0000c1d0        0x4 LONG 0x0 SIZEOF (.data_RAM2)
                0x0000c1d4                __data_section_table_end = .
                0x0000c1d4                __bss_section_table = .
                0x0000c1d4        0x4 LONG 0x200016d0 ADDR (.bss)
                0x0000c1d8        0x4 LONG 0x6b4 SIZEOF (.bss)
                0x0000c1dc        0x4 LONG 0x1fff0000 ADDR (.bss_RAM2)
                0x0000c1e0        0x4 LONG 0x0 SIZEOF (.bss_RAM2)
                0x0000c1e4                __bss_section_table_end = .
                0x0000c1e4                __section_table_end = .
 *(.after_vectors*)
 .after_vectors.init_data
                0x0000c1e4       0x42 Startup/startup_mk60d10.o
                0x0000c1e4                data_init(unsigned int, unsigned int, unsigned int)
 .after_vectors.init_bss
                0x0000c226       0x36 Startup/startup_mk60d10.o
                0x0000c226                bss_init(unsigned int, unsigned int)
 .after_vectors.reset
                0x0000c25c       0xb4 Startup/startup_mk60d10.o
                0x0000c25c                ResetISR
 .after_vectors
                0x0000c310       0x3c Startup/startup_mk60d10.o
                0x0000c310                NMI_Handler
                0x0000c316                HardFault_Handler
                0x0000c31c                MemManage_Handler
                0x0000c322                BusFault_Handler
                0x0000c328                UsageFault_Handler
                0x0000c32e                SVC_Handler
                0x0000c334                DebugMon_Handler
                0x0000c33a                PendSV_Handler
                0x0000c340                SysTick_Handler
                0x0000c346                DMA_Error_DriverIRQHandler
                0x0000c346                LPTMR0_DriverIRQHandler
                0x0000c346                FTM1_DriverIRQHandler
                0x0000c346                FTM2_DriverIRQHandler
                0x0000c346                PIT2_DriverIRQHandler
                0x0000c346                SDHC_DriverIRQHandler
                0x0000c346                I2S0_Tx_DriverIRQHandler
                0x0000c346                TSI0_DriverIRQHandler
                0x0000c346                RTC_Seconds_DriverIRQHandler
                0x0000c346                Reserved109_DriverIRQHandler
                0x0000c346                DMA6_DriverIRQHandler
                0x0000c346                LLWU_DriverIRQHandler
                0x0000c346                MCM_DriverIRQHandler
                0x0000c346                MCG_DriverIRQHandler
                0x0000c346                ENET_1588_Timer_DriverIRQHandler
                0x0000c346                DAC1_DriverIRQHandler
                0x0000c346                SPI1_DriverIRQHandler
                0x0000c346                CMP1_DriverIRQHandler
                0x0000c346                UART5_RX_TX_DriverIRQHandler
                0x0000c346                FTM0_DriverIRQHandler
                0x0000c346                IntDefaultHandler
                0x0000c346                USB0_DriverIRQHandler
                0x0000c346                UART5_ERR_DriverIRQHandler
                0x0000c346                DMA11_DriverIRQHandler
                0x0000c346                DAC0_DriverIRQHandler
                0x0000c346                DMA10_DriverIRQHandler
                0x0000c346                CMP2_DriverIRQHandler
                0x0000c346                UART2_ERR_DriverIRQHandler
                0x0000c346                SPI2_DriverIRQHandler
                0x0000c346                LVD_LVW_DriverIRQHandler
                0x0000c346                RNG_DriverIRQHandler
                0x0000c346                DMA12_DriverIRQHandler
                0x0000c346                DMA4_DriverIRQHandler
                0x0000c346                UART2_RX_TX_DriverIRQHandler
                0x0000c346                USBDCD_DriverIRQHandler
                0x0000c346                UART3_ERR_DriverIRQHandler
                0x0000c346                DMA3_DriverIRQHandler
                0x0000c346                DMA8_DriverIRQHandler
                0x0000c346                DMA9_DriverIRQHandler
                0x0000c346                UART0_ERR_DriverIRQHandler
                0x0000c346                CMT_DriverIRQHandler
                0x0000c346                ADC1_DriverIRQHandler
                0x0000c346                DMA14_DriverIRQHandler
                0x0000c346                PIT3_DriverIRQHandler
                0x0000c346                PIT1_DriverIRQHandler
                0x0000c346                WDOG_EWM_DriverIRQHandler
                0x0000c346                PDB0_DriverIRQHandler
                0x0000c346                Reserved95_DriverIRQHandler
                0x0000c346                RTC_DriverIRQHandler
                0x0000c346                I2S0_Rx_DriverIRQHandler
                0x0000c346                Read_Collision_DriverIRQHandler
                0x0000c346                SWI_DriverIRQHandler
                0x0000c346                UART4_RX_TX_DriverIRQHandler
                0x0000c346                UART4_ERR_DriverIRQHandler
                0x0000c346                DMA0_DriverIRQHandler
                0x0000c346                UART0_LON_DriverIRQHandler
                0x0000c346                Reserved102_DriverIRQHandler
                0x0000c346                DMA1_DriverIRQHandler
                0x0000c346                I2C1_DriverIRQHandler
                0x0000c346                UART3_RX_TX_DriverIRQHandler
                0x0000c346                ENET_Receive_DriverIRQHandler
                0x0000c346                DMA13_DriverIRQHandler
                0x0000c346                ENET_Error_DriverIRQHandler
                0x0000c346                DMA15_DriverIRQHandler
                0x0000c346                SPI0_DriverIRQHandler
                0x0000c346                ADC0_DriverIRQHandler
                0x0000c346                FTFL_DriverIRQHandler
                0x0000c346                CMP0_DriverIRQHandler
                0x0000c346                CAN0_DriverIRQHandler
                0x0000c346                Reserved59_DriverIRQHandler
                0x0000c346                DMA5_DriverIRQHandler
                0x0000c346                UART1_ERR_DriverIRQHandler
                0x0000c346                DMA2_DriverIRQHandler
                0x0000c346                ENET_Transmit_DriverIRQHandler
                0x0000c346                I2C0_DriverIRQHandler
                0x0000c346                CAN1_DriverIRQHandler
                0x0000c346                DMA7_DriverIRQHandler
                0x0000c346                UART1_RX_TX_DriverIRQHandler
                0x0000c346                Reserved108_DriverIRQHandler
                0x00000400                . = 0x400
 *fill*         0x0000c34c       0xb4 ff
                0x0000c400                PROVIDE (__FLASH_CONFIG_START__ = .)
 *(.FlashConfig)
 .FlashConfig   0x0000c400       0x10 Startup/startup_mk60d10.o
                0x0000c410                PROVIDE (__FLASH_CONFIG_END__ = .)
                0x00000001                ASSERT (! ((__FLASH_CONFIG_START__ == __FLASH_CONFIG_END__)), Linker Flash Config Support Enabled, but no .FlashConfig section provided within application)

.glue_7         0x0000c410        0x0
 .glue_7        0x0000c410        0x0 linker stubs

.glue_7t        0x0000c410        0x0
 .glue_7t       0x0000c410        0x0 linker stubs

.vfp11_veneer   0x0000c410        0x0
 .vfp11_veneer  0x0000c410        0x0 linker stubs

.v4_bx          0x0000c410        0x0
 .v4_bx         0x0000c410        0x0 linker stubs

.iplt           0x0000c410        0x0
 .iplt          0x0000c410        0x0 c:/gcc-arm-none-eabi-10.3-2021.10/bin/../lib/gcc/arm-none-eabi/10.3.1/thumb/v7e-m/nofp/crtbegin.o

.text           0x0000c440    0x21024
 *(.text*)
 .text          0x0000c440       0x40 c:/gcc-arm-none-eabi-10.3-2021.10/bin/../lib/gcc/arm-none-eabi/10.3.1/thumb/v7e-m/nofp/crtbegin.o
 .text._Z15WriteLogicValueN7FEHIcon4IconEi
                0x0000c480       0x40 ../main.o
                0x0000c480                WriteLogicValue(FEHIcon::Icon, int)
 .text._Z6MNMenuv
                0x0000c4c0      0x240 ../main.o
                0x0000c4c0                MNMenu()
 .text._Z6DCMenuv
                0x0000c700      0x4c4 ../main.o
                0x0000c700                DCMenu()
 .text._Z6SVMenuv
                0x0000cbc4      0x5ec ../main.o
                0x0000cbc4                SVMenu()
 .text._Z6DIMenuv
                0x0000d1b0      0xe18 ../main.o
                0x0000d1b0                DIMenu()
 .text._Z6AIMenuv
                0x0000dfc8      0xe10 ../main.o
                0x0000dfc8                AIMenu()
 .text._Z6ACMenuv
                0x0000edd8      0x400 ../main.o
                0x0000edd8                ACMenu()
 .text._Z6TOMenuv
                0x0000f1d8      0x438 ../main.o
                0x0000f1d8                TOMenu()
 .text._Z6DOMenuv
                0x0000f610     0x15d8 ../main.o
                0x0000f610                DOMenu()
 .text._Z6RPMenuv
                0x00010be8      0x430 ../main.o
                0x00010be8                RPMenu()
 .text.main     0x00011018       0x88 ../main.o
                0x00011018                main
 .text.PORTD_IRQHandler
                0x000110a0       0x50 Startup/startup_mk60d10.o
                0x000110a0                PORTD_IRQHandler
 .text._Z15InitPowerButtonv
                0x000110f0       0x60 Startup/startup_mk60d10.o
                0x000110f0                InitPowerButton()
 .text._ZL11pll_init_blv
                0x00011150       0xe0 Startup/startup_mk60d10.o
 .text._Z14InitFEHProteusv
                0x00011230       0xec Startup/startup_mk60d10.o
                0x00011230                InitFEHProteus()
 .text.DMA0_IRQHandler
                0x0001131c        0xc Startup/startup_mk60d10.o
                0x0001131c                DMA0_IRQHandler
 .text.DMA1_IRQHandler
                0x00011328        0xc Startup/startup_mk60d10.o
                0x00011328                DMA1_IRQHandler
 .text.DMA2_IRQHandler
                0x00011334        0xc Startup/startup_mk60d10.o
                0x00011334                DMA2_IRQHandler
 .text.DMA3_IRQHandler
                0x00011340        0xc Startup/startup_mk60d10.o
                0x00011340                DMA3_IRQHandler
 .text.DMA4_IRQHandler
                0x0001134c        0xc Startup/startup_mk60d10.o
                0x0001134c                DMA4_IRQHandler
 .text.DMA5_IRQHandler
                0x00011358        0xc Startup/startup_mk60d10.o
                0x00011358                DMA5_IRQHandler
 .text.DMA6_IRQHandler
                0x00011364        0xc Startup/startup_mk60d10.o
                0x00011364                DMA6_IRQHandler
 .text.DMA7_IRQHandler
                0x00011370        0xc Startup/startup_mk60d10.o
                0x00011370                DMA7_IRQHandler
 .text.DMA8_IRQHandler
                0x0001137c        0xc Startup/startup_mk60d10.o
                0x0001137c                DMA8_IRQHandler
 .text.DMA9_IRQHandler
                0x00011388        0xc Startup/startup_mk60d10.o
                0x00011388                DMA9_IRQHandler
 .text.DMA10_IRQHandler
                0x00011394        0xc Startup/startup_mk60d10.o
                0x00011394                DMA10_IRQHandler
 .text.DMA11_IRQHandler
                0x000113a0        0xc Startup/startup_mk60d10.o
                0x000113a0                DMA11_IRQHandler
 .text.DMA12_IRQHandler
                0x000113ac        0xc Startup/startup_mk60d10.o
                0x000113ac                DMA12_IRQHandler
 .text.DMA13_IRQHandler
                0x000113b8        0xc Startup/startup_mk60d10.o
                0x000113b8                DMA13_IRQHandler
 .text.DMA14_IRQHandler
                0x000113c4        0xc Startup/startup_mk60d10.o
                0x000113c4                DMA14_IRQHandler
 .text.DMA15_IRQHandler
                0x000113d0        0xc Startup/startup_mk60d10.o
                0x000113d0                DMA15_IRQHandler
 .text.DMA_Error_IRQHandler
                0x000113dc        0xc Startup/startup_mk60d10.o
                0x000113dc                DMA_Error_IRQHandler
 .text.MCM_IRQHandler
                0x000113e8        0xc Startup/startup_mk60d10.o
                0x000113e8                MCM_IRQHandler
 .text.FTFL_IRQHandler
                0x000113f4        0xc Startup/startup_mk60d10.o
                0x000113f4                FTFL_IRQHandler
 .text.Read_Collision_IRQHandler
                0x00011400        0xc Startup/startup_mk60d10.o
                0x00011400                Read_Collision_IRQHandler
 .text.LVD_LVW_IRQHandler
                0x0001140c        0xc Startup/startup_mk60d10.o
                0x0001140c                LVD_LVW_IRQHandler
 .text.LLWU_IRQHandler
                0x00011418        0xc Startup/startup_mk60d10.o
                0x00011418                LLWU_IRQHandler
 .text.WDOG_EWM_IRQHandler
                0x00011424        0xc Startup/startup_mk60d10.o
                0x00011424                WDOG_EWM_IRQHandler
 .text.RNG_IRQHandler
                0x00011430        0xc Startup/startup_mk60d10.o
                0x00011430                RNG_IRQHandler
 .text.I2C0_IRQHandler
                0x0001143c        0xc Startup/startup_mk60d10.o
                0x0001143c                I2C0_IRQHandler
 .text.I2C1_IRQHandler
                0x00011448        0xc Startup/startup_mk60d10.o
                0x00011448                I2C1_IRQHandler
 .text.SPI0_IRQHandler
                0x00011454        0xc Startup/startup_mk60d10.o
                0x00011454                SPI0_IRQHandler
 .text.SPI1_IRQHandler
                0x00011460        0xc Startup/startup_mk60d10.o
                0x00011460                SPI1_IRQHandler
 .text.SPI2_IRQHandler
                0x0001146c        0xc Startup/startup_mk60d10.o
                0x0001146c                SPI2_IRQHandler
 .text.CAN0_ORed_Message_buffer_IRQHandler
                0x00011478        0xc Startup/startup_mk60d10.o
                0x00011478                CAN0_ORed_Message_buffer_IRQHandler
 .text.CAN0_Bus_Off_IRQHandler
                0x00011484        0xc Startup/startup_mk60d10.o
                0x00011484                CAN0_Bus_Off_IRQHandler
 .text.CAN0_Error_IRQHandler
                0x00011490        0xc Startup/startup_mk60d10.o
                0x00011490                CAN0_Error_IRQHandler
 .text.CAN0_Tx_Warning_IRQHandler
                0x0001149c        0xc Startup/startup_mk60d10.o
                0x0001149c                CAN0_Tx_Warning_IRQHandler
 .text.CAN0_Rx_Warning_IRQHandler
                0x000114a8        0xc Startup/startup_mk60d10.o
                0x000114a8                CAN0_Rx_Warning_IRQHandler
 .text.CAN0_Wake_Up_IRQHandler
                0x000114b4        0xc Startup/startup_mk60d10.o
                0x000114b4                CAN0_Wake_Up_IRQHandler
 .text.I2S0_Tx_IRQHandler
                0x000114c0        0xc Startup/startup_mk60d10.o
                0x000114c0                I2S0_Tx_IRQHandler
 .text.I2S0_Rx_IRQHandler
                0x000114cc        0xc Startup/startup_mk60d10.o
                0x000114cc                I2S0_Rx_IRQHandler
 .text.CAN1_ORed_Message_buffer_IRQHandler
                0x000114d8        0xc Startup/startup_mk60d10.o
                0x000114d8                CAN1_ORed_Message_buffer_IRQHandler
 .text.CAN1_Bus_Off_IRQHandler
                0x000114e4        0xc Startup/startup_mk60d10.o
                0x000114e4                CAN1_Bus_Off_IRQHandler
 .text.CAN1_Error_IRQHandler
                0x000114f0        0xc Startup/startup_mk60d10.o
                0x000114f0                CAN1_Error_IRQHandler
 .text.CAN1_Tx_Warning_IRQHandler
                0x000114fc        0xc Startup/startup_mk60d10.o
                0x000114fc                CAN1_Tx_Warning_IRQHandler
 .text.CAN1_Rx_Warning_IRQHandler
                0x00011508        0xc Startup/startup_mk60d10.o
                0x00011508                CAN1_Rx_Warning_IRQHandler
 .text.CAN1_Wake_Up_IRQHandler
                0x00011514        0xc Startup/startup_mk60d10.o
                0x00011514                CAN1_Wake_Up_IRQHandler
 .text.Reserved59_IRQHandler
                0x00011520        0xc Startup/startup_mk60d10.o
                0x00011520                Reserved59_IRQHandler
 .text.UART0_LON_IRQHandler
                0x0001152c        0xc Startup/startup_mk60d10.o
                0x0001152c                UART0_LON_IRQHandler
 .text.UART0_ERR_IRQHandler
                0x00011538        0xc Startup/startup_mk60d10.o
                0x00011538                UART0_ERR_IRQHandler
 .text.UART1_RX_TX_IRQHandler
                0x00011544        0xc Startup/startup_mk60d10.o
                0x00011544                UART1_RX_TX_IRQHandler
 .text.UART1_ERR_IRQHandler
                0x00011550        0xc Startup/startup_mk60d10.o
                0x00011550                UART1_ERR_IRQHandler
 .text.UART2_RX_TX_IRQHandler
                0x0001155c        0xc Startup/startup_mk60d10.o
                0x0001155c                UART2_RX_TX_IRQHandler
 .text.UART2_ERR_IRQHandler
                0x00011568        0xc Startup/startup_mk60d10.o
                0x00011568                UART2_ERR_IRQHandler
 .text.UART3_RX_TX_IRQHandler
                0x00011574        0xc Startup/startup_mk60d10.o
                0x00011574                UART3_RX_TX_IRQHandler
 .text.UART3_ERR_IRQHandler
                0x00011580        0xc Startup/startup_mk60d10.o
                0x00011580                UART3_ERR_IRQHandler
 .text.UART4_RX_TX_IRQHandler
                0x0001158c        0xc Startup/startup_mk60d10.o
                0x0001158c                UART4_RX_TX_IRQHandler
 .text.UART4_ERR_IRQHandler
                0x00011598        0xc Startup/startup_mk60d10.o
                0x00011598                UART4_ERR_IRQHandler
 .text.UART5_RX_TX_IRQHandler
                0x000115a4        0xc Startup/startup_mk60d10.o
                0x000115a4                UART5_RX_TX_IRQHandler
 .text.UART5_ERR_IRQHandler
                0x000115b0        0xc Startup/startup_mk60d10.o
                0x000115b0                UART5_ERR_IRQHandler
 .text.ADC0_IRQHandler
                0x000115bc        0xc Startup/startup_mk60d10.o
                0x000115bc                ADC0_IRQHandler
 .text.ADC1_IRQHandler
                0x000115c8        0xc Startup/startup_mk60d10.o
                0x000115c8                ADC1_IRQHandler
 .text.CMP0_IRQHandler
                0x000115d4        0xc Startup/startup_mk60d10.o
                0x000115d4                CMP0_IRQHandler
 .text.CMP1_IRQHandler
                0x000115e0        0xc Startup/startup_mk60d10.o
                0x000115e0                CMP1_IRQHandler
 .text.CMP2_IRQHandler
                0x000115ec        0xc Startup/startup_mk60d10.o
                0x000115ec                CMP2_IRQHandler
 .text.FTM0_IRQHandler
                0x000115f8        0xc Startup/startup_mk60d10.o
                0x000115f8                FTM0_IRQHandler
 .text.FTM1_IRQHandler
                0x00011604        0xc Startup/startup_mk60d10.o
                0x00011604                FTM1_IRQHandler
 .text.FTM2_IRQHandler
                0x00011610        0xc Startup/startup_mk60d10.o
                0x00011610                FTM2_IRQHandler
 .text.CMT_IRQHandler
                0x0001161c        0xc Startup/startup_mk60d10.o
                0x0001161c                CMT_IRQHandler
 .text.RTC_IRQHandler
                0x00011628        0xc Startup/startup_mk60d10.o
                0x00011628                RTC_IRQHandler
 .text.RTC_Seconds_IRQHandler
                0x00011634        0xc Startup/startup_mk60d10.o
                0x00011634                RTC_Seconds_IRQHandler
 .text.PIT1_IRQHandler
                0x00011640        0xc Startup/startup_mk60d10.o
                0x00011640                PIT1_IRQHandler
 .text.PIT2_IRQHandler
                0x0001164c        0xc Startup/startup_mk60d10.o
                0x0001164c                PIT2_IRQHandler
 .text.PIT3_IRQHandler
                0x00011658        0xc Startup/startup_mk60d10.o
                0x00011658                PIT3_IRQHandler
 .text.PDB0_IRQHandler
                0x00011664        0xc Startup/startup_mk60d10.o
                0x00011664                PDB0_IRQHandler
 .text.USB0_IRQHandler
                0x00011670        0xc Startup/startup_mk60d10.o
                0x00011670                USB0_IRQHandler
 .text.USBDCD_IRQHandler
                0x0001167c        0xc Startup/startup_mk60d10.o
                0x0001167c                USBDCD_IRQHandler
 .text.ENET_1588_Timer_IRQHandler
                0x00011688        0xc Startup/startup_mk60d10.o
                0x00011688                ENET_1588_Timer_IRQHandler
 .text.ENET_Transmit_IRQHandler
                0x00011694        0xc Startup/startup_mk60d10.o
                0x00011694                ENET_Transmit_IRQHandler
 .text.ENET_Receive_IRQHandler
                0x000116a0        0xc Startup/startup_mk60d10.o
                0x000116a0                ENET_Receive_IRQHandler
 .text.ENET_Error_IRQHandler
                0x000116ac        0xc Startup/startup_mk60d10.o
                0x000116ac                ENET_Error_IRQHandler
 .text.Reserved95_IRQHandler
                0x000116b8        0xc Startup/startup_mk60d10.o
                0x000116b8                Reserved95_IRQHandler
 .text.SDHC_IRQHandler
                0x000116c4        0xc Startup/startup_mk60d10.o
                0x000116c4                SDHC_IRQHandler
 .text.DAC0_IRQHandler
                0x000116d0        0xc Startup/startup_mk60d10.o
                0x000116d0                DAC0_IRQHandler
 .text.DAC1_IRQHandler
                0x000116dc        0xc Startup/startup_mk60d10.o
                0x000116dc                DAC1_IRQHandler
 .text.TSI0_IRQHandler
                0x000116e8        0xc Startup/startup_mk60d10.o
                0x000116e8                TSI0_IRQHandler
 .text.MCG_IRQHandler
                0x000116f4        0xc Startup/startup_mk60d10.o
                0x000116f4                MCG_IRQHandler
 .text.LPTMR0_IRQHandler
                0x00011700        0xc Startup/startup_mk60d10.o
                0x00011700                LPTMR0_IRQHandler
 .text.Reserved102_IRQHandler
                0x0001170c        0xc Startup/startup_mk60d10.o
                0x0001170c                Reserved102_IRQHandler
 .text.Reserved108_IRQHandler
                0x00011718        0xc Startup/startup_mk60d10.o
                0x00011718                Reserved108_IRQHandler
 .text.Reserved109_IRQHandler
                0x00011724        0xc Startup/startup_mk60d10.o
                0x00011724                Reserved109_IRQHandler
 .text.SWI_IRQHandler
                0x00011730        0xc Startup/startup_mk60d10.o
                0x00011730                SWI_IRQHandler
 *fill*         0x0001173c        0x4 
 .text._ZN8FEHMotorC2ENS_12FEHMotorPortEf
                0x00011740       0x7c Libraries/FEHMotor.o
                0x00011740                FEHMotor::FEHMotor(FEHMotor::FEHMotorPort, float)
                0x00011740                FEHMotor::FEHMotor(FEHMotor::FEHMotorPort, float)
 .text._ZN8FEHMotor4StopEv
                0x000117bc       0x30 Libraries/FEHMotor.o
                0x000117bc                FEHMotor::Stop()
 .text._ZN8FEHMotor8SetPowerEi
                0x000117ec       0x54 Libraries/FEHMotor.o
                0x000117ec                FEHMotor::SetPower(int)
 .text._ZN8FEHMotor10SetPercentEf
                0x00011840       0xf8 Libraries/FEHMotor.o
                0x00011840                FEHMotor::SetPercent(float)
 .text._Z21IIC_StartTransmissionhh
                0x00011938       0x6c Drivers/i2c.o
                0x00011938                IIC_StartTransmission(unsigned char, unsigned char)
 .text._Z5Pausev
                0x000119a4       0x24 Drivers/i2c.o
                0x000119a4                Pause()
 .text._Z22u8MMA8451QReadRegisterh
                0x000119c8       0xbc Drivers/i2c.o
                0x000119c8                u8MMA8451QReadRegister(unsigned char)
 .text._Z21MMA8451QWriteRegisterhh
                0x00011a84       0x68 Drivers/i2c.o
                0x00011a84                MMA8451QWriteRegister(unsigned char, unsigned char)
 .text._Z10didTimeoutv
                0x00011aec       0x14 Drivers/i2c.o
                0x00011aec                didTimeout()
 .text._Z8i2c_Waitv
                0x00011b00       0x6c Drivers/i2c.o
                0x00011b00                i2c_Wait()
 .text._Z12SPI_SendCharh
                0x00011b6c       0x1a Drivers/spi.o
                0x00011b6c                SPI_SendChar(unsigned char)
 .text._Z16SPI_WriteCommandhh
                0x00011b86       0x34 Drivers/spi.o
                0x00011b86                SPI_WriteCommand(unsigned char, unsigned char)
 .text._Z11SPI_GetCharv
                0x00011bba       0x10 Drivers/spi.o
                0x00011bba                SPI_GetChar()
 .text._Z15SPI_ReadCommandh
                0x00011bca       0x38 Drivers/spi.o
                0x00011bca                SPI_ReadCommand(unsigned char)
 *fill*         0x00011c02        0x2 
 .text._Z13SPI_CS_Assertv
                0x00011c04       0x1c Drivers/spi.o
                0x00011c04                SPI_CS_Assert()
 .text._Z15SPI_CS_Deassertv
                0x00011c20       0x1c Drivers/spi.o
                0x00011c20                SPI_CS_Deassert()
 .text._Z12SPI_Transferh
                0x00011c3c       0x6c Drivers/spi.o
                0x00011c3c                SPI_Transfer(unsigned char)
 .text._Z8SPI_Initv
                0x00011ca8       0xa0 Drivers/spi.o
                0x00011ca8                SPI_Init()
 .text._Z9uart_initPV11UART_MemMapii
                0x00011d48      0x174 Drivers/uart.o
                0x00011d48                uart_init(UART_MemMap volatile*, int, int)
 .text._Z12uart_getcharPV11UART_MemMap
                0x00011ebc       0x32 Drivers/uart.o
                0x00011ebc                uart_getchar(UART_MemMap volatile*)
 .text._Z12uart_putcharPV11UART_MemMapc
                0x00011eee       0x32 Drivers/uart.o
                0x00011eee                uart_putchar(UART_MemMap volatile*, char)
 .text._ZL7mem_cpyPvPKvj
                0x00011f20       0x44 Drivers/ff.o
 .text._ZL7mem_setPvij
                0x00011f64       0x3c Drivers/ff.o
 .text._ZL7mem_cmpPKvS0_j
                0x00011fa0       0x56 Drivers/ff.o
 .text._ZL7chk_chrPKci
                0x00011ff6       0x34 Drivers/ff.o
 .text._ZL11move_windowP5FATFSm
                0x0001202a       0xc8 Drivers/ff.o
 .text._ZL4syncP5FATFS
                0x000120f2      0x14c Drivers/ff.o
 .text._Z10clust2sectP5FATFSm
                0x0001223e       0x3c Drivers/ff.o
                0x0001223e                clust2sect(FATFS*, unsigned long)
 .text._Z7get_fatP5FATFSm
                0x0001227a      0x192 Drivers/ff.o
                0x0001227a                get_fat(FATFS*, unsigned long)
 .text._Z7put_fatP5FATFSmm
                0x0001240c      0x20a Drivers/ff.o
                0x0001240c                put_fat(FATFS*, unsigned long, unsigned long)
 .text._ZL12remove_chainP5FATFSm
                0x00012616       0x9c Drivers/ff.o
 .text._ZL12create_chainP5FATFSm
                0x000126b2      0x112 Drivers/ff.o
 .text._ZL10clmt_clustP3FILm
                0x000127c4       0x62 Drivers/ff.o
 .text._ZL7dir_sdiP3DIRt
                0x00012826      0x100 Drivers/ff.o
 .text._ZL8dir_nextP3DIRi
                0x00012926      0x1b6 Drivers/ff.o
 .text._ZL8dir_findP3DIR
                0x00012adc       0xa0 Drivers/ff.o
 .text._ZL12dir_registerP3DIR
                0x00012b7c       0xae Drivers/ff.o
 *fill*         0x00012c2a        0x2 
 .text._ZL11create_nameP3DIRPPKc
                0x00012c2c      0x1f4 Drivers/ff.o
 .text._ZL11follow_pathP3DIRPKc
                0x00012e20      0x12c Drivers/ff.o
 .text._ZL8check_fsP5FATFSm
                0x00012f4c       0xd8 Drivers/ff.o
 .text._ZL11chk_mountedPPKcPP5FATFSh
                0x00013024      0x534 Drivers/ff.o
 .text._ZL8validateP5FATFSt
                0x00013558       0x54 Drivers/ff.o
 .text._Z7f_mounthP5FATFS
                0x000135ac       0x54 Drivers/ff.o
                0x000135ac                f_mount(unsigned char, FATFS*)
 .text._Z6f_openP3FILPKch
                0x00013600      0x2de Drivers/ff.o
                0x00013600                f_open(FIL*, char const*, unsigned char)
 .text._Z7f_writeP3FILPKvjPj
                0x000138de      0x33c Drivers/ff.o
                0x000138de                f_write(FIL*, void const*, unsigned int, unsigned int*)
 .text._Z6f_syncP3FIL
                0x00013c1a      0x186 Drivers/ff.o
                0x00013c1a                f_sync(FIL*)
 .text._Z7f_closeP3FIL
                0x00013da0       0x28 Drivers/ff.o
                0x00013da0                f_close(FIL*)
 .text._Z7f_lseekP3FILm
                0x00013dc8      0x4be Drivers/ff.o
                0x00013dc8                f_lseek(FIL*, unsigned long)
 .text._Z6f_putccP3FIL
                0x00014286       0x3c Drivers/ff.o
                0x00014286                f_putc(char, FIL*)
 .text._Z6f_putsPKcP3FIL
                0x000142c2       0x52 Drivers/ff.o
                0x000142c2                f_puts(char const*, FIL*)
 .text._Z5powerii
                0x00014314       0x3c Drivers/ff.o
                0x00014314                power(int, int)
 .text._Z8f_printfP3FILPKcSt9__va_list
                0x00014350      0x620 Drivers/ff.o
                0x00014350                f_printf(FIL*, char const*, std::__va_list)
 .text._ZL17SDHC_set_baudratemm
                0x00014970       0xe8 Drivers/SDHC.o
 .text._Z9SDHC_initP17esdhc_info_structPK17esdhc_init_struct
                0x00014a58      0x130 Drivers/SDHC.o
                0x00014a58                SDHC_init(esdhc_info_struct*, esdhc_init_struct const*)
 .text._ZL15SDHC_is_runningv
                0x00014b88       0x24 Drivers/SDHC.o
 .text._ZL16SDHC_status_waitm
                0x00014bac       0x2c Drivers/SDHC.o
 .text._ZL17SDHC_send_commandP20esdhc_command_struct
                0x00014bd8      0x1f8 Drivers/SDHC.o
 .text._Z10SDHC_ioctlmPv
                0x00014dd0      0x6f0 Drivers/SDHC.o
                0x00014dd0                SDHC_ioctl(unsigned long, void*)
 .text._Z15disk_initializeh
                0x000154c0      0x384 Drivers/SDHC.o
                0x000154c0                disk_initialize(unsigned char)
 .text._ZL14rcvr_datablockPhm
                0x00015844       0xf0 Drivers/SDHC.o
 .text._Z9disk_readhPhmh
                0x00015934      0x124 Drivers/SDHC.o
                0x00015934                disk_read(unsigned char, unsigned char*, unsigned long, unsigned char)
 .text._ZL14xmit_datablockPKhm
                0x00015a58       0xa4 Drivers/SDHC.o
 .text._Z10disk_writehPKhmh
                0x00015afc      0x198 Drivers/SDHC.o
                0x00015afc                disk_write(unsigned char, unsigned char const*, unsigned long, unsigned char)
 .text._Z10disk_ioctlhhPv
                0x00015c94      0x104 Drivers/SDHC.o
                0x00015c94                disk_ioctl(unsigned char, unsigned char, void*)
 .text._Z11disk_statush
                0x00015d98       0x28 Drivers/SDHC.o
                0x00015d98                disk_status(unsigned char)
 .text._Z13time_delay_msm
                0x00015dc0       0x6c Drivers/lptmr.o
                0x00015dc0                time_delay_ms(unsigned long)
 .text._Z41__static_initialization_and_destruction_0ii
                0x00015e2c       0x2c FEHProteus.o
 .text._GLOBAL__sub_I_Propeller
                0x00015e58       0x10 FEHProteus.o
 .text._ZN12FEHPropellerC2Ev
                0x00015e68       0x1a Drivers/FEHPropeller.o
                0x00015e68                FEHPropeller::FEHPropeller()
                0x00015e68                FEHPropeller::FEHPropeller()
 *fill*         0x00015e82        0x2 
 .text._ZN12FEHPropeller10InitializeEv
                0x00015e84       0x74 Drivers/FEHPropeller.o
                0x00015e84                FEHPropeller::Initialize()
 .text._ZN12FEHPropeller12SetMotorRateEhhh
                0x00015ef8       0x5c Drivers/FEHPropeller.o
                0x00015ef8                FEHPropeller::SetMotorRate(unsigned char, unsigned char, unsigned char)
 .text._ZL5Delaymjj
                0x00015f54       0x94 Libraries/FEHUtility.o
 .text._Z5Sleepi
                0x00015fe8       0x2c Libraries/FEHUtility.o
                0x00015fe8                Sleep(int)
 .text._Z5Sleepd
                0x00016014       0x4c Libraries/FEHUtility.o
                0x00016014                Sleep(double)
 .text._Z11TimeNowMSecv
                0x00016060       0x38 Libraries/FEHUtility.o
                0x00016060                TimeNowMSec()
 .text._ZN15DigitalInputPinC2EN5FEHIO8FEHIOPinE
                0x00016098       0x20 Libraries/FEHIO.o
                0x00016098                DigitalInputPin::DigitalInputPin(FEHIO::FEHIOPin)
                0x00016098                DigitalInputPin::DigitalInputPin(FEHIO::FEHIOPin)
 .text._ZN15DigitalInputPin10InitializeEN5FEHIO8FEHIOPinE
                0x000160b8      0x198 Libraries/FEHIO.o
                0x000160b8                DigitalInputPin::Initialize(FEHIO::FEHIOPin)
 .text._ZN15DigitalInputPin5ValueEv
                0x00016250      0x108 Libraries/FEHIO.o
                0x00016250                DigitalInputPin::Value()
 .text._Z16PORTB_IRQHandlerv
                0x00016358       0x9c Libraries/FEHIO.o
                0x00016358                PORTB_IRQHandler()
 .text._Z16PORTC_IRQHandlerv
                0x000163f4       0x9c Libraries/FEHIO.o
                0x000163f4                PORTC_IRQHandler()
 .text._Z16PORTA_IRQHandlerv
                0x00016490       0xa0 Libraries/FEHIO.o
                0x00016490                PORTA_IRQHandler()
 .text._Z16PORTE_IRQHandlerv
                0x00016530       0x98 Libraries/FEHIO.o
                0x00016530                PORTE_IRQHandler()
 .text._ZN14AnalogInputPinC2EN5FEHIO8FEHIOPinE
                0x000165c8       0x1e Libraries/FEHIO.o
                0x000165c8                AnalogInputPin::AnalogInputPin(FEHIO::FEHIOPin)
                0x000165c8                AnalogInputPin::AnalogInputPin(FEHIO::FEHIOPin)
 *fill*         0x000165e6        0x2 
 .text._ZN14AnalogInputPin5ValueEv
                0x000165e8      0x120 Libraries/FEHIO.o
                0x000165e8                AnalogInputPin::Value()
 .text._ZN13AnalogEncoder12EncoderValueEv
                0x00016708       0xb0 Libraries/FEHIO.o
                0x00016708                AnalogEncoder::EncoderValue()
 .text._ZN16DigitalOutputPinC2EN5FEHIO8FEHIOPinE
                0x000167b8      0x19c Libraries/FEHIO.o
                0x000167b8                DigitalOutputPin::DigitalOutputPin(FEHIO::FEHIOPin)
                0x000167b8                DigitalOutputPin::DigitalOutputPin(FEHIO::FEHIOPin)
 .text._ZN16DigitalOutputPin5WriteEb
                0x00016954      0x1f8 Libraries/FEHIO.o
                0x00016954                DigitalOutputPin::Write(bool)
 .text._ZN16DigitalOutputPin6ToggleEv
                0x00016b4c      0x10c Libraries/FEHIO.o
                0x00016b4c                DigitalOutputPin::Toggle()
 .text._ZN14AnalogInputPin8InitADCsEv
                0x00016c58       0x98 Libraries/FEHIO.o
                0x00016c58                AnalogInputPin::InitADCs()
 .text._Z15PIT0_IRQHandlerv
                0x00016cf0       0x28 Libraries/FEHIO.o
                0x00016cf0                PIT0_IRQHandler()
 .text._ZN13AnalogEncoder4InitEv
                0x00016d18       0x44 Libraries/FEHIO.o
                0x00016d18                AnalogEncoder::Init()
 .text._ZN13AnalogEncoder14SetCounterInitEj
                0x00016d5c       0x20 Libraries/FEHIO.o
                0x00016d5c                AnalogEncoder::SetCounterInit(unsigned int)
 .text._ZN13AnalogEncoder10ProcessIntEv
                0x00016d7c       0x68 Libraries/FEHIO.o
                0x00016d7c                AnalogEncoder::ProcessInt()
 .text._ZN13AnalogEncoder14ProcessIntSelfEv
                0x00016de4       0x6e Libraries/FEHIO.o
                0x00016de4                AnalogEncoder::ProcessIntSelf()
 .text._Z7ADC_CalPV10ADC_MemMap
                0x00016e52      0x13e Drivers/adc16.o
                0x00016e52                ADC_Cal(ADC_MemMap volatile*)
 .text._Z14ADC_Config_AltPV10ADC_MemMapP7adc_cfg
                0x00016f90       0x6c Drivers/adc16.o
                0x00016f90                ADC_Config_Alt(ADC_MemMap volatile*, adc_cfg*)
 .text._ZN9FEHBuzzer4BuzzEi
                0x00016ffc       0x1e Libraries/FEHBuzzer.o
                0x00016ffc                FEHBuzzer::Buzz(int)
 *fill*         0x0001701a        0x2 
 .text._ZN9FEHBuzzer4ToneEii
                0x0001701c       0x78 Libraries/FEHBuzzer.o
                0x0001701c                FEHBuzzer::Tone(int, int)
 .text._ZN9FEHBuzzerC2Ev
                0x00017094       0x14 Libraries/FEHBuzzer.o
                0x00017094                FEHBuzzer::FEHBuzzer()
                0x00017094                FEHBuzzer::FEHBuzzer()
 .text._Z41__static_initialization_and_destruction_0ii
                0x000170a8       0x2c Libraries/FEHBuzzer.o
 .text._GLOBAL__sub_I_Buzzer
                0x000170d4       0x10 Libraries/FEHBuzzer.o
 .text._ZN8FEHServoC2ENS_12FEHServoPortE
                0x000170e4       0x38 Libraries/FEHServo.o
                0x000170e4                FEHServo::FEHServo(FEHServo::FEHServoPort)
                0x000170e4                FEHServo::FEHServo(FEHServo::FEHServoPort)
 .text._ZN8FEHServo9SetDegreeEf
                0x0001711c       0xf8 Libraries/FEHServo.o
                0x0001711c                FEHServo::SetDegree(float)
 .text._ZN6FEHLCD11_InitializeEv
                0x00017214      0x410 Libraries/FEHLCD.o
                0x00017214                FEHLCD::_Initialize()
 .text._ZN6FEHLCDC2Ev
                0x00017624       0x50 Libraries/FEHLCD.o
                0x00017624                FEHLCD::FEHLCD()
                0x00017624                FEHLCD::FEHLCD()
 .text._ZN6FEHLCD10InitializeEv
                0x00017674       0x28 Libraries/FEHLCD.o
                0x00017674                FEHLCD::Initialize()
 .text._ZN6FEHLCD10PrintImageEii
                0x0001769c       0xbc Libraries/FEHLCD.o
                0x0001769c                FEHLCD::PrintImage(int, int)
 .text._ZN6FEHLCD9PrintLogoEii
                0x00017758       0xbc Libraries/FEHLCD.o
                0x00017758                FEHLCD::PrintLogo(int, int)
 .text._ZN6FEHLCD22ConvertFEHColorTo24BitENS_11FEHLCDColorE
                0x00017814       0x78 Libraries/FEHLCD.o
                0x00017814                FEHLCD::ConvertFEHColorTo24Bit(FEHLCD::FEHLCDColor)
 .text._ZN6FEHLCD24Convert24BitColorTo16BitEj
                0x0001788c       0x30 Libraries/FEHLCD.o
                0x0001788c                FEHLCD::Convert24BitColorTo16Bit(unsigned int)
 .text._ZN6FEHLCD22ConvertRGBColorTo16BitEhhh
                0x000178bc       0x4a Libraries/FEHLCD.o
                0x000178bc                FEHLCD::ConvertRGBColorTo16Bit(unsigned char, unsigned char, unsigned char)
 .text._ZN6FEHLCD5ClearENS_11FEHLCDColorE
                0x00017906       0x28 Libraries/FEHLCD.o
                0x00017906                FEHLCD::Clear(FEHLCD::FEHLCDColor)
 .text._ZN6FEHLCD5ClearEj
                0x0001792e       0x2c Libraries/FEHLCD.o
                0x0001792e                FEHLCD::Clear(unsigned int)
 .text._ZN6FEHLCD5ClearEv
                0x0001795a       0x16 Libraries/FEHLCD.o
                0x0001795a                FEHLCD::Clear()
 .text._ZN6FEHLCD18SetBackgroundColorENS_11FEHLCDColorE
                0x00017970       0x28 Libraries/FEHLCD.o
                0x00017970                FEHLCD::SetBackgroundColor(FEHLCD::FEHLCDColor)
 .text._ZN6FEHLCD18SetBackgroundColorEj
                0x00017998       0x26 Libraries/FEHLCD.o
                0x00017998                FEHLCD::SetBackgroundColor(unsigned int)
 .text._ZN6FEHLCD12SetFontColorENS_11FEHLCDColorE
                0x000179be       0x28 Libraries/FEHLCD.o
                0x000179be                FEHLCD::SetFontColor(FEHLCD::FEHLCDColor)
 .text._ZN6FEHLCD12SetFontColorEj
                0x000179e6       0x26 Libraries/FEHLCD.o
                0x000179e6                FEHLCD::SetFontColor(unsigned int)
 .text._ZN6FEHLCD7WriteAtEPKcii
                0x00017a0c       0x46 Libraries/FEHLCD.o
                0x00017a0c                FEHLCD::WriteAt(char const*, int, int)
 *fill*         0x00017a52        0x2 
 .text._ZN6FEHLCD7WriteAtEfii
                0x00017a54       0xb8 Libraries/FEHLCD.o
                0x00017a54                FEHLCD::WriteAt(float, int, int)
 .text._ZN6FEHLCD11TS_SPI_InitEv
                0x00017b0c       0x7c Libraries/FEHLCD.o
                0x00017b0c                FEHLCD::TS_SPI_Init()
 .text._ZN6FEHLCD5TouchEPfS0_
                0x00017b88      0x1fc Libraries/FEHLCD.o
                0x00017b88                FEHLCD::Touch(float*, float*)
 .text._ZN6FEHLCD3absEi
                0x00017d84       0x22 Libraries/FEHLCD.o
                0x00017d84                FEHLCD::abs(int)
 .text._ZN6FEHLCD5WriteEPKc
                0x00017da6       0x4e Libraries/FEHLCD.o
                0x00017da6                FEHLCD::Write(char const*)
 .text._ZN6FEHLCD5WriteEi
                0x00017df4       0x30 Libraries/FEHLCD.o
                0x00017df4                FEHLCD::Write(int)
 .text._ZN6FEHLCD5WriteEc
                0x00017e24       0x30 Libraries/FEHLCD.o
                0x00017e24                FEHLCD::Write(char)
 .text._ZN6FEHLCD9WriteLineEPKc
                0x00017e54       0x26 Libraries/FEHLCD.o
                0x00017e54                FEHLCD::WriteLine(char const*)
 .text._ZN6FEHLCD9WriteLineEc
                0x00017e7a       0x2a Libraries/FEHLCD.o
                0x00017e7a                FEHLCD::WriteLine(char)
 .text._ZN6FEHLCD10WriteIndexEh
                0x00017ea4      0x14c Libraries/FEHLCD.o
                0x00017ea4                FEHLCD::WriteIndex(unsigned char)
 .text._ZN6FEHLCD14WriteParameterEh
                0x00017ff0      0x130 Libraries/FEHLCD.o
                0x00017ff0                FEHLCD::WriteParameter(unsigned char)
 .text._ZN6FEHLCD6_ClearEv
                0x00018120      0x15c Libraries/FEHLCD.o
                0x00018120                FEHLCD::_Clear()
 .text._ZN6FEHLCD8NextLineEv
                0x0001827c       0x2a Libraries/FEHLCD.o
                0x0001827c                FEHLCD::NextLine()
 .text._ZN6FEHLCD9CheckLineEv
                0x000182a6       0x28 Libraries/FEHLCD.o
                0x000182a6                FEHLCD::CheckLine()
 .text._ZN6FEHLCD8NextCharEv
                0x000182ce       0x32 Libraries/FEHLCD.o
                0x000182ce                FEHLCD::NextChar()
 .text._ZN6FEHLCD9DrawPixelEii
                0x00018300       0x2a Libraries/FEHLCD.o
                0x00018300                FEHLCD::DrawPixel(int, int)
 .text._Z4SwapRiS_
                0x0001832a       0x28 Libraries/FEHLCD.o
                0x0001832a                Swap(int&, int&)
 .text._ZN6FEHLCD13DrawRectangleEiiii
                0x00018352       0x7c Libraries/FEHLCD.o
                0x00018352                FEHLCD::DrawRectangle(int, int, int, int)
 .text._ZN6FEHLCD13SetDrawRegionEiiii
                0x000183ce       0xfe Libraries/FEHLCD.o
                0x000183ce                FEHLCD::SetDrawRegion(int, int, int, int)
 .text._ZN6FEHLCD13FillRectangleEiiii
                0x000184cc       0x4c Libraries/FEHLCD.o
                0x000184cc                FEHLCD::FillRectangle(int, int, int, int)
 .text._ZN6FEHLCD8DrawLineEiiii
                0x00018518      0x14c Libraries/FEHLCD.o
                0x00018518                FEHLCD::DrawLine(int, int, int, int)
 .text._ZN6FEHLCD9WriteCharEiic
                0x00018664       0x34 Libraries/FEHLCD.o
                0x00018664                FEHLCD::WriteChar(int, int, char)
 .text._ZN6FEHLCD11WriteCharAtEiic
                0x00018698      0x214 Libraries/FEHLCD.o
                0x00018698                FEHLCD::WriteCharAt(int, int, char)
 .text._ZN6FEHLCD11RepeatColorEv
                0x000188ac       0x70 Libraries/FEHLCD.o
                0x000188ac                FEHLCD::RepeatColor()
 .text._ZN6FEHLCD10_ForePixelEv
                0x0001891c       0xc4 Libraries/FEHLCD.o
                0x0001891c                FEHLCD::_ForePixel()
 .text._ZN6FEHLCD10_BackPixelEv
                0x000189e0       0xc4 Libraries/FEHLCD.o
                0x000189e0                FEHLCD::_BackPixel()
 .text._ZN6FEHLCD22SetRegisterColorValuesEv
                0x00018aa4      0x336 Libraries/FEHLCD.o
                0x00018aa4                FEHLCD::SetRegisterColorValues()
 .text._ZN7FEHIcon4IconC2Ev
                0x00018dda       0x14 Libraries/FEHLCD.o
                0x00018dda                FEHIcon::Icon::Icon()
                0x00018dda                FEHIcon::Icon::Icon()
 .text._ZN7FEHIcon4Icon13SetPropertiesEPciiiijj
                0x00018dee       0x6a Libraries/FEHLCD.o
                0x00018dee                FEHIcon::Icon::SetProperties(char*, int, int, int, int, unsigned int, unsigned int)
 .text._ZN7FEHIcon4Icon4DrawEv
                0x00018e58       0x90 Libraries/FEHLCD.o
                0x00018e58                FEHIcon::Icon::Draw()
 .text._ZN7FEHIcon4Icon6SelectEv
                0x00018ee8       0x90 Libraries/FEHLCD.o
                0x00018ee8                FEHIcon::Icon::Select()
 .text._ZN7FEHIcon4Icon8DeselectEv
                0x00018f78       0x8c Libraries/FEHLCD.o
                0x00018f78                FEHIcon::Icon::Deselect()
 .text._ZN7FEHIcon4Icon7PressedEffi
                0x00019004      0x13c Libraries/FEHLCD.o
                0x00019004                FEHIcon::Icon::Pressed(float, float, int)
 .text._ZN7FEHIcon4Icon12WhilePressedEff
                0x00019140       0x50 Libraries/FEHLCD.o
                0x00019140                FEHIcon::Icon::WhilePressed(float, float)
 .text._ZN7FEHIcon4Icon17ChangeLabelStringEPKc
                0x00019190       0x64 Libraries/FEHLCD.o
                0x00019190                FEHIcon::Icon::ChangeLabelString(char const*)
 .text._ZN7FEHIcon4Icon16ChangeLabelFloatEf
                0x000191f4      0x10c Libraries/FEHLCD.o
                0x000191f4                FEHIcon::Icon::ChangeLabelFloat(float)
 .text._ZN7FEHIcon4Icon14ChangeLabelIntEi
                0x00019300       0x78 Libraries/FEHLCD.o
                0x00019300                FEHIcon::Icon::ChangeLabelInt(int)
 .text._ZN7FEHIcon13DrawIconArrayEPNS_4IconEiiiiiiPA20_cjj
                0x00019378      0x168 Libraries/FEHLCD.o
                0x00019378                FEHIcon::DrawIconArray(FEHIcon::Icon*, int, int, int, int, int, int, char (*) [20], unsigned int, unsigned int)
 .text._Z41__static_initialization_and_destruction_0ii
                0x000194e0       0x2c Libraries/FEHLCD.o
 .text._GLOBAL__sub_I_image
                0x0001950c       0x10 Libraries/FEHLCD.o
 .text._ZN8FEHAccelC2Ev
                0x0001951c       0x70 Libraries/FEHAccel.o
                0x0001951c                FEHAccel::FEHAccel()
                0x0001951c                FEHAccel::FEHAccel()
 *fill*         0x0001958c        0x4 
 .text._ZN8FEHAccel1XEv
                0x00019590       0x78 Libraries/FEHAccel.o
                0x00019590                FEHAccel::X()
 .text._ZN8FEHAccel1YEv
                0x00019608       0x78 Libraries/FEHAccel.o
                0x00019608                FEHAccel::Y()
 .text._ZN8FEHAccel1ZEv
                0x00019680       0x78 Libraries/FEHAccel.o
                0x00019680                FEHAccel::Z()
 .text._Z41__static_initialization_and_destruction_0ii
                0x000196f8       0x2c Libraries/FEHAccel.o
 .text._GLOBAL__sub_I_Accel
                0x00019724       0x10 Libraries/FEHAccel.o
 *fill*         0x00019734        0x4 
 .text._ZN10FEHBattery7VoltageEv
                0x00019738       0x54 Libraries/FEHBattery.o
                0x00019738                FEHBattery::Voltage()
 .text._ZN10FEHBatteryC2EN5FEHIO8FEHIOPinE
                0x0001978c       0x22 Libraries/FEHBattery.o
                0x0001978c                FEHBattery::FEHBattery(FEHIO::FEHIOPin)
                0x0001978c                FEHBattery::FEHBattery(FEHIO::FEHIOPin)
 *fill*         0x000197ae        0x2 
 .text._Z41__static_initialization_and_destruction_0ii
                0x000197b0       0x30 Libraries/FEHBattery.o
 .text._GLOBAL__sub_I_Battery
                0x000197e0       0x10 Libraries/FEHBattery.o
 .text._ZN7FEHXBeeC2Ev
                0x000197f0       0x1a Drivers/FEHXBee.o
                0x000197f0                FEHXBee::FEHXBee()
                0x000197f0                FEHXBee::FEHXBee()
 *fill*         0x0001980a        0x2 
 .text._ZN7FEHXBee10InitializeEv
                0x0001980c       0xdc Drivers/FEHXBee.o
                0x0001980c                FEHXBee::Initialize()
 .text._ZN7FEHXBee13IsInitializedEv
                0x000198e8       0x16 Drivers/FEHXBee.o
                0x000198e8                FEHXBee::IsInitialized()
 *fill*         0x000198fe        0x2 
 .text._ZN7FEHXBee17ReceiveDataSearchEPcjh
                0x00019900       0x8c Drivers/FEHXBee.o
                0x00019900                FEHXBee::ReceiveDataSearch(char*, unsigned int, unsigned char)
 .text._ZN7FEHXBee8SendDataEPcj
                0x0001998c       0x40 Drivers/FEHXBee.o
                0x0001998c                FEHXBee::SendData(char*, unsigned int)
 .text._ZN7FEHXBee17SetPacketCallBackEPFvPhhE
                0x000199cc       0x20 Drivers/FEHXBee.o
                0x000199cc                FEHXBee::SetPacketCallBack(void (*)(unsigned char*, unsigned char))
 .text._Z22UART0_RX_TX_IRQHandlerv
                0x000199ec       0xec Drivers/FEHXBee.o
                0x000199ec                UART0_RX_TX_IRQHandler()
 .text._ZN6FEHRPSC2Ev
                0x00019ad8       0x74 Libraries/FEHRPS.o
                0x00019ad8                FEHRPS::FEHRPS()
                0x00019ad8                FEHRPS::FEHRPS()
 .text._ZN6FEHRPS10InitializeEi
                0x00019b4c      0x664 Libraries/FEHRPS.o
                0x00019b4c                FEHRPS::Initialize(int)
 .text._ZN6FEHRPS10InitializeEc
                0x0001a1b0       0x46 Libraries/FEHRPS.o
                0x0001a1b0                FEHRPS::Initialize(char)
 *fill*         0x0001a1f6        0x2 
 .text._ZN6FEHRPS19InitializeTouchMenuEv
                0x0001a1f8      0x424 Libraries/FEHRPS.o
                0x0001a1f8                FEHRPS::InitializeTouchMenu()
 .text._ZN6FEHRPS19CurrentRegionLetterEv
                0x0001a61c       0x1c Libraries/FEHRPS.o
                0x0001a61c                FEHRPS::CurrentRegionLetter()
 .text._ZN6FEHRPS13WaitForPacketEv
                0x0001a638       0x58 Libraries/FEHRPS.o
                0x0001a638                FEHRPS::WaitForPacket()
 .text._ZN6FEHRPS1XEv
                0x0001a690       0x1c Libraries/FEHRPS.o
                0x0001a690                FEHRPS::X()
 .text._ZN6FEHRPS1YEv
                0x0001a6ac       0x1c Libraries/FEHRPS.o
                0x0001a6ac                FEHRPS::Y()
 .text._ZN6FEHRPS7HeadingEv
                0x0001a6c8       0x1c Libraries/FEHRPS.o
                0x0001a6c8                FEHRPS::Heading()
 .text._Z14RPSDataProcessPhh
                0x0001a6e4      0x148 Libraries/FEHRPS.o
                0x0001a6e4                RPSDataProcess(unsigned char*, unsigned char)
 .text._Z41__static_initialization_and_destruction_0ii
                0x0001a82c       0x2c Libraries/FEHRPS.o
 .text._GLOBAL__sub_I_RPS
                0x0001a858       0x10 Libraries/FEHRPS.o
 .text._ZN7FEHFileC2Ev
                0x0001a868       0x2c Libraries/FEHSD.o
                0x0001a868                FEHFile::FEHFile()
                0x0001a868                FEHFile::FEHFile()
 .text._ZN5FEHSDC2Ev
                0x0001a894       0x24 Libraries/FEHSD.o
                0x0001a894                FEHSD::FEHSD()
                0x0001a894                FEHSD::FEHSD()
 .text._ZN5FEHSD5FOpenEPKcS1_
                0x0001a8b8      0x1c4 Libraries/FEHSD.o
                0x0001a8b8                FEHSD::FOpen(char const*, char const*)
 .text._ZN5FEHSD6FCloseEP7FEHFile
                0x0001aa7c       0xb4 Libraries/FEHSD.o
                0x0001aa7c                FEHSD::FClose(FEHFile*)
 .text._ZN5FEHSD9FCloseAllEv
                0x0001ab30       0x6c Libraries/FEHSD.o
                0x0001ab30                FEHSD::FCloseAll()
 .text._ZN5FEHSD7FPrintfEP7FEHFilePKcz
                0x0001ab9c       0x58 Libraries/FEHSD.o
                0x0001ab9c                FEHSD::FPrintf(FEHFile*, char const*, ...)
 .text._ZN5FEHSD10InitializeEv
                0x0001abf4       0xe4 Libraries/FEHSD.o
                0x0001abf4                FEHSD::Initialize()
 .text._Z41__static_initialization_and_destruction_0ii
                0x0001acd8       0x2c Libraries/FEHSD.o
 .text._GLOBAL__sub_I_SD
                0x0001ad04       0x10 Libraries/FEHSD.o
 .text._ZN9FEHRandom10InitializeEv
                0x0001ad14       0x3c Libraries/FEHRandom.o
                0x0001ad14                FEHRandom::Initialize()
 .text._ZdlPvj  0x0001ad50        0x4 c:/gcc-arm-none-eabi-10.3-2021.10/bin/../lib/gcc/arm-none-eabi/10.3.1/../../../../arm-none-eabi/lib/thumb/v7e-m/nofp\libstdc++.a(del_ops.o)
                0x0001ad50                operator delete(void*, unsigned int)
 .text._Znwj    0x0001ad54       0x3c c:/gcc-arm-none-eabi-10.3-2021.10/bin/../lib/gcc/arm-none-eabi/10.3.1/../../../../arm-none-eabi/lib/thumb/v7e-m/nofp\libstdc++.a(new_op.o)
                0x0001ad54                operator new(unsigned int)
 .text._ZNKSt9bad_alloc4whatEv
                0x0001ad90        0x8 c:/gcc-arm-none-eabi-10.3-2021.10/bin/../lib/gcc/arm-none-eabi/10.3.1/../../../../arm-none-eabi/lib/thumb/v7e-m/nofp\libstdc++.a(bad_alloc.o)
                0x0001ad90                std::bad_alloc::what() const
 .text._ZNSt9bad_allocD2Ev
                0x0001ad98       0x14 c:/gcc-arm-none-eabi-10.3-2021.10/bin/../lib/gcc/arm-none-eabi/10.3.1/../../../../arm-none-eabi/lib/thumb/v7e-m/nofp\libstdc++.a(bad_alloc.o)
                0x0001ad98                std::bad_alloc::~bad_alloc()
                0x0001ad98                std::bad_alloc::~bad_alloc()
 .text._ZNSt9bad_allocD0Ev
                0x0001adac       0x1c c:/gcc-arm-none-eabi-10.3-2021.10/bin/../lib/gcc/arm-none-eabi/10.3.1/../../../../arm-none-eabi/lib/thumb/v7e-m/nofp\libstdc++.a(bad_alloc.o)
                0x0001adac                std::bad_alloc::~bad_alloc()
 .text._ZdlPv   0x0001adc8        0x4 c:/gcc-arm-none-eabi-10.3-2021.10/bin/../lib/gcc/arm-none-eabi/10.3.1/../../../../arm-none-eabi/lib/thumb/v7e-m/nofp\libstdc++.a(del_op.o)
                0x0001adc8                operator delete(void*)
 .text._ZN12_GLOBAL__N_14pool4freeEPv.constprop.0
                0x0001adcc       0x88 c:/gcc-arm-none-eabi-10.3-2021.10/bin/../lib/gcc/arm-none-eabi/10.3.1/../../../../arm-none-eabi/lib/thumb/v7e-m/nofp\libstdc++.a(eh_alloc.o)
 .text._ZN12_GLOBAL__N_14pool8allocateEj.constprop.0
                0x0001ae54       0x5c c:/gcc-arm-none-eabi-10.3-2021.10/bin/../lib/gcc/arm-none-eabi/10.3.1/../../../../arm-none-eabi/lib/thumb/v7e-m/nofp\libstdc++.a(eh_alloc.o)
 .text.__cxa_allocate_exception
                0x0001aeb0       0x30 c:/gcc-arm-none-eabi-10.3-2021.10/bin/../lib/gcc/arm-none-eabi/10.3.1/../../../../arm-none-eabi/lib/thumb/v7e-m/nofp\libstdc++.a(eh_alloc.o)
                0x0001aeb0                __cxa_allocate_exception
 .text.__cxa_free_exception
                0x0001aee0       0x20 c:/gcc-arm-none-eabi-10.3-2021.10/bin/../lib/gcc/arm-none-eabi/10.3.1/../../../../arm-none-eabi/lib/thumb/v7e-m/nofp\libstdc++.a(eh_alloc.o)
                0x0001aee0                __cxa_free_exception
 .text.startup._GLOBAL__sub_I__ZN9__gnu_cxx9__freeresEv
                0x0001af00       0x28 c:/gcc-arm-none-eabi-10.3-2021.10/bin/../lib/gcc/arm-none-eabi/10.3.1/../../../../arm-none-eabi/lib/thumb/v7e-m/nofp\libstdc++.a(eh_alloc.o)
 .text._ZNSt9exceptionD2Ev
                0x0001af28        0x4 c:/gcc-arm-none-eabi-10.3-2021.10/bin/../lib/gcc/arm-none-eabi/10.3.1/../../../../arm-none-eabi/lib/thumb/v7e-m/nofp\libstdc++.a(eh_exception.o)
                0x0001af28                std::exception::~exception()
                0x0001af28                std::exception::~exception()
 .text._ZNSt13bad_exceptionD2Ev
                0x0001af2c        0x4 c:/gcc-arm-none-eabi-10.3-2021.10/bin/../lib/gcc/arm-none-eabi/10.3.1/../../../../arm-none-eabi/lib/thumb/v7e-m/nofp\libstdc++.a(eh_exception.o)
                0x0001af2c                std::bad_exception::~bad_exception()
                0x0001af2c                std::bad_exception::~bad_exception()
 .text._ZNKSt13bad_exception4whatEv
                0x0001af30        0x8 c:/gcc-arm-none-eabi-10.3-2021.10/bin/../lib/gcc/arm-none-eabi/10.3.1/../../../../arm-none-eabi/lib/thumb/v7e-m/nofp\libstdc++.a(eh_exception.o)
                0x0001af30                std::bad_exception::what() const
                0x0001af30                transaction clone for std::bad_exception::what() const
 .text._ZNSt13bad_exceptionD0Ev
                0x0001af38       0x10 c:/gcc-arm-none-eabi-10.3-2021.10/bin/../lib/gcc/arm-none-eabi/10.3.1/../../../../arm-none-eabi/lib/thumb/v7e-m/nofp\libstdc++.a(eh_exception.o)
                0x0001af38                std::bad_exception::~bad_exception()
 .text._ZN10__cxxabiv111__terminateEPFvvE
                0x0001af48       0x28 c:/gcc-arm-none-eabi-10.3-2021.10/bin/../lib/gcc/arm-none-eabi/10.3.1/../../../../arm-none-eabi/lib/thumb/v7e-m/nofp\libstdc++.a(eh_terminate.o)
                0x0001af48                __cxxabiv1::__terminate(void (*)())
 .text._ZSt9terminatev
                0x0001af70       0x14 c:/gcc-arm-none-eabi-10.3-2021.10/bin/../lib/gcc/arm-none-eabi/10.3.1/../../../../arm-none-eabi/lib/thumb/v7e-m/nofp\libstdc++.a(eh_terminate.o)
                0x0001af70                std::terminate()
 .text._ZN10__cxxabiv112__unexpectedEPFvvE
                0x0001af84        0x8 c:/gcc-arm-none-eabi-10.3-2021.10/bin/../lib/gcc/arm-none-eabi/10.3.1/../../../../arm-none-eabi/lib/thumb/v7e-m/nofp\libstdc++.a(eh_terminate.o)
                0x0001af84                __cxxabiv1::__unexpected(void (*)())
 .text._ZSt10unexpectedv
                0x0001af8c       0x14 c:/gcc-arm-none-eabi-10.3-2021.10/bin/../lib/gcc/arm-none-eabi/10.3.1/../../../../arm-none-eabi/lib/thumb/v7e-m/nofp\libstdc++.a(eh_terminate.o)
                0x0001af8c                std::unexpected()
 .text._ZSt13get_terminatev
                0x0001afa0       0x10 c:/gcc-arm-none-eabi-10.3-2021.10/bin/../lib/gcc/arm-none-eabi/10.3.1/../../../../arm-none-eabi/lib/thumb/v7e-m/nofp\libstdc++.a(eh_terminate.o)
                0x0001afa0                std::get_terminate()
 .text._ZSt14get_unexpectedv
                0x0001afb0       0x10 c:/gcc-arm-none-eabi-10.3-2021.10/bin/../lib/gcc/arm-none-eabi/10.3.1/../../../../arm-none-eabi/lib/thumb/v7e-m/nofp\libstdc++.a(eh_terminate.o)
                0x0001afb0                std::get_unexpected()
 .text._ZL23__gxx_exception_cleanup19_Unwind_Reason_CodeP21_Unwind_Control_Block
                0x0001afc0       0x44 c:/gcc-arm-none-eabi-10.3-2021.10/bin/../lib/gcc/arm-none-eabi/10.3.1/../../../../arm-none-eabi/lib/thumb/v7e-m/nofp\libstdc++.a(eh_throw.o)
 .text.__cxa_init_primary_exception
                0x0001b004       0x58 c:/gcc-arm-none-eabi-10.3-2021.10/bin/../lib/gcc/arm-none-eabi/10.3.1/../../../../arm-none-eabi/lib/thumb/v7e-m/nofp\libstdc++.a(eh_throw.o)
                0x0001b004                __cxa_init_primary_exception
 .text.__cxa_throw
                0x0001b05c       0x34 c:/gcc-arm-none-eabi-10.3-2021.10/bin/../lib/gcc/arm-none-eabi/10.3.1/../../../../arm-none-eabi/lib/thumb/v7e-m/nofp\libstdc++.a(eh_throw.o)
                0x0001b05c                __cxa_throw
 .text.__cxa_rethrow
                0x0001b090       0x70 c:/gcc-arm-none-eabi-10.3-2021.10/bin/../lib/gcc/arm-none-eabi/10.3.1/../../../../arm-none-eabi/lib/thumb/v7e-m/nofp\libstdc++.a(eh_throw.o)
                0x0001b090                __cxa_rethrow
 .text._ZSt15get_new_handlerv
                0x0001b100       0x10 c:/gcc-arm-none-eabi-10.3-2021.10/bin/../lib/gcc/arm-none-eabi/10.3.1/../../../../arm-none-eabi/lib/thumb/v7e-m/nofp\libstdc++.a(new_handler.o)
                0x0001b100                std::get_new_handler()
 .text._ZN10__cxxabiv120__si_class_type_infoD2Ev
                0x0001b110       0x14 c:/gcc-arm-none-eabi-10.3-2021.10/bin/../lib/gcc/arm-none-eabi/10.3.1/../../../../arm-none-eabi/lib/thumb/v7e-m/nofp\libstdc++.a(si_class_type_info.o)
                0x0001b110                __cxxabiv1::__si_class_type_info::~__si_class_type_info()
                0x0001b110                __cxxabiv1::__si_class_type_info::~__si_class_type_info()
 .text._ZN10__cxxabiv120__si_class_type_infoD0Ev
                0x0001b124       0x1c c:/gcc-arm-none-eabi-10.3-2021.10/bin/../lib/gcc/arm-none-eabi/10.3.1/../../../../arm-none-eabi/lib/thumb/v7e-m/nofp\libstdc++.a(si_class_type_info.o)
                0x0001b124                __cxxabiv1::__si_class_type_info::~__si_class_type_info()
 .text._ZNK10__cxxabiv120__si_class_type_info20__do_find_public_srcEiPKvPKNS_17__class_type_infoES2_
                0x0001b140       0x3c c:/gcc-arm-none-eabi-10.3-2021.10/bin/../lib/gcc/arm-none-eabi/10.3.1/../../../../arm-none-eabi/lib/thumb/v7e-m/nofp\libstdc++.a(si_class_type_info.o)
                0x0001b140                __cxxabiv1::__si_class_type_info::__do_find_public_src(int, void const*, __cxxabiv1::__class_type_info const*, void const*) const
 .text._ZNK10__cxxabiv120__si_class_type_info12__do_dyncastEiNS_17__class_type_info10__sub_kindEPKS1_PKvS4_S6_RNS1_16__dyncast_resultE
                0x0001b17c       0x84 c:/gcc-arm-none-eabi-10.3-2021.10/bin/../lib/gcc/arm-none-eabi/10.3.1/../../../../arm-none-eabi/lib/thumb/v7e-m/nofp\libstdc++.a(si_class_type_info.o)
                0x0001b17c                __cxxabiv1::__si_class_type_info::__do_dyncast(int, __cxxabiv1::__class_type_info::__sub_kind, __cxxabiv1::__class_type_info const*, void const*, __cxxabiv1::__class_type_info const*, void const*, __cxxabiv1::__class_type_info::__dyncast_result&) const
 .text._ZNK10__cxxabiv120__si_class_type_info11__do_upcastEPKNS_17__class_type_infoEPKvRNS1_15__upcast_resultE
                0x0001b200       0x2c c:/gcc-arm-none-eabi-10.3-2021.10/bin/../lib/gcc/arm-none-eabi/10.3.1/../../../../arm-none-eabi/lib/thumb/v7e-m/nofp\libstdc++.a(si_class_type_info.o)
                0x0001b200                __cxxabiv1::__si_class_type_info::__do_upcast(__cxxabiv1::__class_type_info const*, void const*, __cxxabiv1::__class_type_info::__upcast_result&) const
 .text._ZNSt9type_infoD2Ev
                0x0001b22c        0x4 c:/gcc-arm-none-eabi-10.3-2021.10/bin/../lib/gcc/arm-none-eabi/10.3.1/../../../../arm-none-eabi/lib/thumb/v7e-m/nofp\libstdc++.a(tinfo.o)
                0x0001b22c                std::type_info::~type_info()
                0x0001b22c                std::type_info::~type_info()
 .text._ZNKSt9type_info14__is_pointer_pEv
                0x0001b230        0x4 c:/gcc-arm-none-eabi-10.3-2021.10/bin/../lib/gcc/arm-none-eabi/10.3.1/../../../../arm-none-eabi/lib/thumb/v7e-m/nofp\libstdc++.a(tinfo.o)
                0x0001b230                std::type_info::__is_pointer_p() const
                0x0001b230                std::type_info::__is_function_p() const
 .text._ZNKSt9type_infoeqERKS_
                0x0001b234       0x2c c:/gcc-arm-none-eabi-10.3-2021.10/bin/../lib/gcc/arm-none-eabi/10.3.1/../../../../arm-none-eabi/lib/thumb/v7e-m/nofp\libstdc++.a(tinfo.o)
                0x0001b234                std::type_info::operator==(std::type_info const&) const
 .text._ZN9__gnu_cxx27__verbose_terminate_handlerEv
                0x0001b260      0x10c c:/gcc-arm-none-eabi-10.3-2021.10/bin/../lib/gcc/arm-none-eabi/10.3.1/../../../../arm-none-eabi/lib/thumb/v7e-m/nofp\libstdc++.a(vterminate.o)
                0x0001b260                __gnu_cxx::__verbose_terminate_handler()
 .text._ZNK10__cxxabiv117__class_type_info11__do_upcastEPKS0_PPv
                0x0001b36c       0x34 c:/gcc-arm-none-eabi-10.3-2021.10/bin/../lib/gcc/arm-none-eabi/10.3.1/../../../../arm-none-eabi/lib/thumb/v7e-m/nofp\libstdc++.a(class_type_info.o)
                0x0001b36c                __cxxabiv1::__class_type_info::__do_upcast(__cxxabiv1::__class_type_info const*, void**) const
 .text._ZNK10__cxxabiv117__class_type_info20__do_find_public_srcEiPKvPKS0_S2_
                0x0001b3a0        0xc c:/gcc-arm-none-eabi-10.3-2021.10/bin/../lib/gcc/arm-none-eabi/10.3.1/../../../../arm-none-eabi/lib/thumb/v7e-m/nofp\libstdc++.a(class_type_info.o)
                0x0001b3a0                __cxxabiv1::__class_type_info::__do_find_public_src(int, void const*, __cxxabiv1::__class_type_info const*, void const*) const
 .text._ZN10__cxxabiv117__class_type_infoD2Ev
                0x0001b3ac       0x14 c:/gcc-arm-none-eabi-10.3-2021.10/bin/../lib/gcc/arm-none-eabi/10.3.1/../../../../arm-none-eabi/lib/thumb/v7e-m/nofp\libstdc++.a(class_type_info.o)
                0x0001b3ac                __cxxabiv1::__class_type_info::~__class_type_info()
                0x0001b3ac                __cxxabiv1::__class_type_info::~__class_type_info()
 .text._ZN10__cxxabiv117__class_type_infoD0Ev
                0x0001b3c0       0x1c c:/gcc-arm-none-eabi-10.3-2021.10/bin/../lib/gcc/arm-none-eabi/10.3.1/../../../../arm-none-eabi/lib/thumb/v7e-m/nofp\libstdc++.a(class_type_info.o)
                0x0001b3c0                __cxxabiv1::__class_type_info::~__class_type_info()
 .text._ZNK10__cxxabiv117__class_type_info12__do_dyncastEiNS0_10__sub_kindEPKS0_PKvS3_S5_RNS0_16__dyncast_resultE
                0x0001b3dc       0x44 c:/gcc-arm-none-eabi-10.3-2021.10/bin/../lib/gcc/arm-none-eabi/10.3.1/../../../../arm-none-eabi/lib/thumb/v7e-m/nofp\libstdc++.a(class_type_info.o)
                0x0001b3dc                __cxxabiv1::__class_type_info::__do_dyncast(int, __cxxabiv1::__class_type_info::__sub_kind, __cxxabiv1::__class_type_info const*, void const*, __cxxabiv1::__class_type_info const*, void const*, __cxxabiv1::__class_type_info::__dyncast_result&) const
 .text._ZNK10__cxxabiv117__class_type_info11__do_upcastEPKS0_PKvRNS0_15__upcast_resultE
                0x0001b420       0x1c c:/gcc-arm-none-eabi-10.3-2021.10/bin/../lib/gcc/arm-none-eabi/10.3.1/../../../../arm-none-eabi/lib/thumb/v7e-m/nofp\libstdc++.a(class_type_info.o)
                0x0001b420                __cxxabiv1::__class_type_info::__do_upcast(__cxxabiv1::__class_type_info const*, void const*, __cxxabiv1::__class_type_info::__upcast_result&) const
 .text._ZNK10__cxxabiv117__class_type_info10__do_catchEPKSt9type_infoPPvj
                0x0001b43c       0x2c c:/gcc-arm-none-eabi-10.3-2021.10/bin/../lib/gcc/arm-none-eabi/10.3.1/../../../../arm-none-eabi/lib/thumb/v7e-m/nofp\libstdc++.a(class_type_info.o)
                0x0001b43c                __cxxabiv1::__class_type_info::__do_catch(std::type_info const*, void**, unsigned int) const
 .text          0x0001b468     0x5fa4 c:/gcc-arm-none-eabi-10.3-2021.10/bin/../lib/gcc/arm-none-eabi/10.3.1/../../../../arm-none-eabi/lib/thumb/v7e-m/nofp\libstdc++.a(cp-demangle.o)
                0x00021324                __cxa_demangle
                0x000213e8                __gcclibcxx_demangle_callback
 .text.__cxa_end_cleanup
                0x0002140c        0xc c:/gcc-arm-none-eabi-10.3-2021.10/bin/../lib/gcc/arm-none-eabi/10.3.1/../../../../arm-none-eabi/lib/thumb/v7e-m/nofp\libstdc++.a(eh_arm.o)
                0x0002140c                __cxa_end_cleanup
 .text.__cxa_type_match
                0x00021418       0xb4 c:/gcc-arm-none-eabi-10.3-2021.10/bin/../lib/gcc/arm-none-eabi/10.3.1/../../../../arm-none-eabi/lib/thumb/v7e-m/nofp\libstdc++.a(eh_arm.o)
                0x00021418                __cxa_type_match
 .text.__cxa_begin_cleanup
                0x000214cc       0x64 c:/gcc-arm-none-eabi-10.3-2021.10/bin/../lib/gcc/arm-none-eabi/10.3.1/../../../../arm-none-eabi/lib/thumb/v7e-m/nofp\libstdc++.a(eh_arm.o)
                0x000214cc                __cxa_begin_cleanup
 .text.__gnu_end_cleanup
                0x00021530       0x70 c:/gcc-arm-none-eabi-10.3-2021.10/bin/../lib/gcc/arm-none-eabi/10.3.1/../../../../arm-none-eabi/lib/thumb/v7e-m/nofp\libstdc++.a(eh_arm.o)
                0x00021530                __gnu_end_cleanup
 .text._ZN10__cxxabiv1L24__is_gxx_exception_classEPc
                0x000215a0       0x3c c:/gcc-arm-none-eabi-10.3-2021.10/bin/../lib/gcc/arm-none-eabi/10.3.1/../../../../arm-none-eabi/lib/thumb/v7e-m/nofp\libstdc++.a(eh_call.o)
 .text.__cxa_call_terminate
                0x000215dc       0x20 c:/gcc-arm-none-eabi-10.3-2021.10/bin/../lib/gcc/arm-none-eabi/10.3.1/../../../../arm-none-eabi/lib/thumb/v7e-m/nofp\libstdc++.a(eh_call.o)
                0x000215dc                __cxa_call_terminate
 .text.unlikely.__cxa_call_unexpected
                0x000215fc       0xe4 c:/gcc-arm-none-eabi-10.3-2021.10/bin/../lib/gcc/arm-none-eabi/10.3.1/../../../../arm-none-eabi/lib/thumb/v7e-m/nofp\libstdc++.a(eh_call.o)
                0x000215fc                __cxa_call_unexpected
 .text.__cxa_begin_catch
                0x000216e0       0x7c c:/gcc-arm-none-eabi-10.3-2021.10/bin/../lib/gcc/arm-none-eabi/10.3.1/../../../../arm-none-eabi/lib/thumb/v7e-m/nofp\libstdc++.a(eh_catch.o)
                0x000216e0                __cxa_begin_catch
 .text.__cxa_end_catch
                0x0002175c       0x8c c:/gcc-arm-none-eabi-10.3-2021.10/bin/../lib/gcc/arm-none-eabi/10.3.1/../../../../arm-none-eabi/lib/thumb/v7e-m/nofp\libstdc++.a(eh_catch.o)
                0x0002175c                __cxa_end_catch
 .text.__cxa_get_globals_fast
                0x000217e8        0x8 c:/gcc-arm-none-eabi-10.3-2021.10/bin/../lib/gcc/arm-none-eabi/10.3.1/../../../../arm-none-eabi/lib/thumb/v7e-m/nofp\libstdc++.a(eh_globals.o)
                0x000217e8                __cxa_get_globals_fast
 .text.__cxa_get_globals
                0x000217f0        0x8 c:/gcc-arm-none-eabi-10.3-2021.10/bin/../lib/gcc/arm-none-eabi/10.3.1/../../../../arm-none-eabi/lib/thumb/v7e-m/nofp\libstdc++.a(eh_globals.o)
                0x000217f0                __cxa_get_globals
 .text._ZL28read_encoded_value_with_basehjPKhPj
                0x000217f8       0xc0 c:/gcc-arm-none-eabi-10.3-2021.10/bin/../lib/gcc/arm-none-eabi/10.3.1/../../../../arm-none-eabi/lib/thumb/v7e-m/nofp\libstdc++.a(eh_personality.o)
 .text._ZL21base_of_encoded_valuehP15_Unwind_Context
                0x000218b8       0x48 c:/gcc-arm-none-eabi-10.3-2021.10/bin/../lib/gcc/arm-none-eabi/10.3.1/../../../../arm-none-eabi/lib/thumb/v7e-m/nofp\libstdc++.a(eh_personality.o)
 .text._ZL17parse_lsda_headerP15_Unwind_ContextPKhP16lsda_header_info
                0x00021900       0x94 c:/gcc-arm-none-eabi-10.3-2021.10/bin/../lib/gcc/arm-none-eabi/10.3.1/../../../../arm-none-eabi/lib/thumb/v7e-m/nofp\libstdc++.a(eh_personality.o)
 .text.__gxx_personality_v0
                0x00021994      0x4a8 c:/gcc-arm-none-eabi-10.3-2021.10/bin/../lib/gcc/arm-none-eabi/10.3.1/../../../../arm-none-eabi/lib/thumb/v7e-m/nofp\libstdc++.a(eh_personality.o)
                0x00021994                __gxx_personality_v0
 .text.__cxa_current_exception_type
                0x00021e3c       0x1c c:/gcc-arm-none-eabi-10.3-2021.10/bin/../lib/gcc/arm-none-eabi/10.3.1/../../../../arm-none-eabi/lib/thumb/v7e-m/nofp\libstdc++.a(eh_type.o)
                0x00021e3c                __cxa_current_exception_type
 .text          0x00021e58      0x378 c:/gcc-arm-none-eabi-10.3-2021.10/bin/../lib/gcc/arm-none-eabi/10.3.1/thumb/v7e-m/nofp\libgcc.a(_arm_addsubdf3.o)
                0x00021e58                __aeabi_drsub
                0x00021e60                __aeabi_dsub
                0x00021e60                __subdf3
                0x00021e64                __aeabi_dadd
                0x00021e64                __adddf3
                0x000220dc                __floatunsidf
                0x000220dc                __aeabi_ui2d
                0x000220fc                __floatsidf
                0x000220fc                __aeabi_i2d
                0x00022120                __aeabi_f2d
                0x00022120                __extendsfdf2
                0x00022164                __floatundidf
                0x00022164                __aeabi_ul2d
                0x00022174                __floatdidf
                0x00022174                __aeabi_l2d
 .text          0x000221d0      0x424 c:/gcc-arm-none-eabi-10.3-2021.10/bin/../lib/gcc/arm-none-eabi/10.3.1/thumb/v7e-m/nofp\libgcc.a(_arm_muldivdf3.o)
                0x000221d0                __aeabi_dmul
                0x000221d0                __muldf3
                0x00022424                __divdf3
                0x00022424                __aeabi_ddiv
 .text          0x000225f4      0x110 c:/gcc-arm-none-eabi-10.3-2021.10/bin/../lib/gcc/arm-none-eabi/10.3.1/thumb/v7e-m/nofp\libgcc.a(_arm_cmpdf2.o)
                0x000225f4                __gtdf2
                0x000225f4                __gedf2
                0x000225fc                __ltdf2
                0x000225fc                __ledf2
                0x00022604                __nedf2
                0x00022604                __eqdf2
                0x00022604                __cmpdf2
                0x00022680                __aeabi_cdrcmple
                0x00022690                __aeabi_cdcmpeq
                0x00022690                __aeabi_cdcmple
                0x000226a0                __aeabi_dcmpeq
                0x000226b4                __aeabi_dcmplt
                0x000226c8                __aeabi_dcmple
                0x000226dc                __aeabi_dcmpge
                0x000226f0                __aeabi_dcmpgt
 .text          0x00022704       0x50 c:/gcc-arm-none-eabi-10.3-2021.10/bin/../lib/gcc/arm-none-eabi/10.3.1/thumb/v7e-m/nofp\libgcc.a(_arm_fixdfsi.o)
                0x00022704                __aeabi_d2iz
                0x00022704                __fixdfsi
 .text          0x00022754       0x40 c:/gcc-arm-none-eabi-10.3-2021.10/bin/../lib/gcc/arm-none-eabi/10.3.1/thumb/v7e-m/nofp\libgcc.a(_arm_fixunsdfsi.o)
                0x00022754                __aeabi_d2uiz
                0x00022754                __fixunsdfsi
 .text          0x00022794       0xa0 c:/gcc-arm-none-eabi-10.3-2021.10/bin/../lib/gcc/arm-none-eabi/10.3.1/thumb/v7e-m/nofp\libgcc.a(_arm_truncdfsf2.o)
                0x00022794                __truncdfsf2
                0x00022794                __aeabi_d2f
 .text          0x00022834      0x21c c:/gcc-arm-none-eabi-10.3-2021.10/bin/../lib/gcc/arm-none-eabi/10.3.1/thumb/v7e-m/nofp\libgcc.a(_arm_addsubsf3.o)
                0x00022834                __aeabi_frsub
                0x0002283c                __subsf3
                0x0002283c                __aeabi_fsub
                0x00022840                __aeabi_fadd
                0x00022840                __addsf3
                0x000229a0                __aeabi_ui2f
                0x000229a0                __floatunsisf
                0x000229a8                __aeabi_i2f
                0x000229a8                __floatsisf
                0x000229c4                __aeabi_ul2f
                0x000229c4                __floatundisf
                0x000229d4                __aeabi_l2f
                0x000229d4                __floatdisf
 .text          0x00022a50      0x2a0 c:/gcc-arm-none-eabi-10.3-2021.10/bin/../lib/gcc/arm-none-eabi/10.3.1/thumb/v7e-m/nofp\libgcc.a(_arm_muldivsf3.o)
                0x00022a50                __mulsf3
                0x00022a50                __aeabi_fmul
                0x00022bb8                __aeabi_fdiv
                0x00022bb8                __divsf3
 .text          0x00022cf0       0xec c:/gcc-arm-none-eabi-10.3-2021.10/bin/../lib/gcc/arm-none-eabi/10.3.1/thumb/v7e-m/nofp\libgcc.a(_arm_cmpsf2.o)
                0x00022cf0                __gesf2
                0x00022cf0                __gtsf2
                0x00022cf8                __lesf2
                0x00022cf8                __ltsf2
                0x00022d00                __nesf2
                0x00022d00                __eqsf2
                0x00022d00                __cmpsf2
                0x00022d60                __aeabi_cfrcmple
                0x00022d68                __aeabi_cfcmpeq
                0x00022d68                __aeabi_cfcmple
                0x00022d78                __aeabi_fcmpeq
                0x00022d8c                __aeabi_fcmplt
                0x00022da0                __aeabi_fcmple
                0x00022db4                __aeabi_fcmpge
                0x00022dc8                __aeabi_fcmpgt
 .text          0x00022ddc       0x4c c:/gcc-arm-none-eabi-10.3-2021.10/bin/../lib/gcc/arm-none-eabi/10.3.1/thumb/v7e-m/nofp\libgcc.a(_arm_fixsfsi.o)
                0x00022ddc                __aeabi_f2iz
                0x00022ddc                __fixsfsi
 .text          0x00022e28      0x9d8 c:/gcc-arm-none-eabi-10.3-2021.10/bin/../lib/gcc/arm-none-eabi/10.3.1/thumb/v7e-m/nofp\libgcc.a(unwind-arm.o)
                0x000230d0                _Unwind_GetCFA
                0x000230d4                __gnu_Unwind_RaiseException
                0x0002313c                __gnu_Unwind_ForcedUnwind
                0x0002314c                __gnu_Unwind_Resume
                0x00023190                __gnu_Unwind_Resume_or_Rethrow
                0x000231a0                _Unwind_Complete
                0x000231a4                _Unwind_DeleteException
                0x000231b0                _Unwind_VRS_Get
                0x000231fc                _Unwind_VRS_Set
                0x00023244                __gnu_Unwind_Backtrace
                0x00023570                __aeabi_unwind_cpp_pr0
                0x00023574                __aeabi_unwind_cpp_pr1
                0x00023578                __aeabi_unwind_cpp_pr2
                0x0002357c                _Unwind_VRS_Pop
 .text          0x00023800      0x1ac c:/gcc-arm-none-eabi-10.3-2021.10/bin/../lib/gcc/arm-none-eabi/10.3.1/thumb/v7e-m/nofp\libgcc.a(libunwind.o)
                0x00023800                __restore_core_regs
                0x00023800                restore_core_regs
                0x00023818                __gnu_Unwind_Restore_VFP
                0x00023820                __gnu_Unwind_Save_VFP
                0x00023828                __gnu_Unwind_Restore_VFP_D
                0x00023830                __gnu_Unwind_Save_VFP_D
                0x00023838                __gnu_Unwind_Restore_VFP_D_16_to_31
                0x00023840                __gnu_Unwind_Save_VFP_D_16_to_31
                0x00023848                __gnu_Unwind_Restore_WMMXD
                0x0002388c                __gnu_Unwind_Save_WMMXD
                0x000238d0                __gnu_Unwind_Restore_WMMXC
                0x000238e4                __gnu_Unwind_Save_WMMXC
                0x000238f8                ___Unwind_RaiseException
                0x000238f8                _Unwind_RaiseException
                0x0002391c                _Unwind_Resume
                0x0002391c                ___Unwind_Resume
                0x00023940                _Unwind_Resume_or_Rethrow
                0x00023940                ___Unwind_Resume_or_Rethrow
                0x00023964                _Unwind_ForcedUnwind
                0x00023964                ___Unwind_ForcedUnwind
                0x00023988                ___Unwind_Backtrace
                0x00023988                _Unwind_Backtrace
 .text          0x000239ac      0x350 c:/gcc-arm-none-eabi-10.3-2021.10/bin/../lib/gcc/arm-none-eabi/10.3.1/thumb/v7e-m/nofp\libgcc.a(pr-support.o)
                0x00023a04                __gnu_unwind_execute
                0x00023cb0                __gnu_unwind_frame
                0x00023cdc                _Unwind_GetRegionStart
                0x00023ce8                _Unwind_GetLanguageSpecificData
 .text.unlikely
                0x00023cfc        0xc c:/gcc-arm-none-eabi-10.3-2021.10/bin/../lib/gcc/arm-none-eabi/10.3.1/thumb/v7e-m/nofp\libgcc.a(pr-support.o)
                0x00023cfc                _Unwind_GetDataRelBase
                0x00023d02                _Unwind_GetTextRelBase
 .text.abort    0x00023d08       0x10 c:/gcc-arm-none-eabi-10.3-2021.10/bin/../lib/gcc/arm-none-eabi/10.3.1/../../../../arm-none-eabi/lib/thumb/v7e-m/nofp\libg.a(lib_a-abort.o)
                0x00023d08                abort
 .text.fputc    0x00023d18       0x58 c:/gcc-arm-none-eabi-10.3-2021.10/bin/../lib/gcc/arm-none-eabi/10.3.1/../../../../arm-none-eabi/lib/thumb/v7e-m/nofp\libg.a(lib_a-fputc.o)
                0x00023d18                fputc
 .text._fputs_r
                0x00023d70       0x88 c:/gcc-arm-none-eabi-10.3-2021.10/bin/../lib/gcc/arm-none-eabi/10.3.1/../../../../arm-none-eabi/lib/thumb/v7e-m/nofp\libg.a(lib_a-fputs.o)
                0x00023d70                _fputs_r
 .text.fputs    0x00023df8       0x18 c:/gcc-arm-none-eabi-10.3-2021.10/bin/../lib/gcc/arm-none-eabi/10.3.1/../../../../arm-none-eabi/lib/thumb/v7e-m/nofp\libg.a(lib_a-fputs.o)
                0x00023df8                fputs
 .text.__sfvwrite_r
                0x00023e10      0x2e8 c:/gcc-arm-none-eabi-10.3-2021.10/bin/../lib/gcc/arm-none-eabi/10.3.1/../../../../arm-none-eabi/lib/thumb/v7e-m/nofp\libg.a(lib_a-fvwrite.o)
                0x00023e10                __sfvwrite_r
 .text._fwrite_r
                0x000240f8       0xa8 c:/gcc-arm-none-eabi-10.3-2021.10/bin/../lib/gcc/arm-none-eabi/10.3.1/../../../../arm-none-eabi/lib/thumb/v7e-m/nofp\libg.a(lib_a-fwrite.o)
                0x000240f8                _fwrite_r
 .text.fwrite   0x000241a0       0x20 c:/gcc-arm-none-eabi-10.3-2021.10/bin/../lib/gcc/arm-none-eabi/10.3.1/../../../../arm-none-eabi/lib/thumb/v7e-m/nofp\libg.a(lib_a-fwrite.o)
                0x000241a0                fwrite
 .text.__libc_init_array
                0x000241c0       0x48 c:/gcc-arm-none-eabi-10.3-2021.10/bin/../lib/gcc/arm-none-eabi/10.3.1/../../../../arm-none-eabi/lib/thumb/v7e-m/nofp\libg.a(lib_a-init.o)
                0x000241c0                __libc_init_array
 .text.__retarget_lock_init_recursive
                0x00024208        0x4 c:/gcc-arm-none-eabi-10.3-2021.10/bin/../lib/gcc/arm-none-eabi/10.3.1/../../../../arm-none-eabi/lib/thumb/v7e-m/nofp\libg.a(lib_a-lock.o)
                0x00024208                __retarget_lock_init_recursive
 .text.__retarget_lock_close_recursive
                0x0002420c        0x4 c:/gcc-arm-none-eabi-10.3-2021.10/bin/../lib/gcc/arm-none-eabi/10.3.1/../../../../arm-none-eabi/lib/thumb/v7e-m/nofp\libg.a(lib_a-lock.o)
                0x0002420c                __retarget_lock_close_recursive
 .text.__retarget_lock_acquire_recursive
                0x00024210        0x4 c:/gcc-arm-none-eabi-10.3-2021.10/bin/../lib/gcc/arm-none-eabi/10.3.1/../../../../arm-none-eabi/lib/thumb/v7e-m/nofp\libg.a(lib_a-lock.o)
                0x00024210                __retarget_lock_acquire_recursive
 .text.__retarget_lock_release_recursive
                0x00024214        0x4 c:/gcc-arm-none-eabi-10.3-2021.10/bin/../lib/gcc/arm-none-eabi/10.3.1/../../../../arm-none-eabi/lib/thumb/v7e-m/nofp\libg.a(lib_a-lock.o)
                0x00024214                __retarget_lock_release_recursive
 .text.malloc   0x00024218       0x10 c:/gcc-arm-none-eabi-10.3-2021.10/bin/../lib/gcc/arm-none-eabi/10.3.1/../../../../arm-none-eabi/lib/thumb/v7e-m/nofp\libg.a(lib_a-malloc.o)
                0x00024218                malloc
 .text.free     0x00024228       0x10 c:/gcc-arm-none-eabi-10.3-2021.10/bin/../lib/gcc/arm-none-eabi/10.3.1/../../../../arm-none-eabi/lib/thumb/v7e-m/nofp\libg.a(lib_a-malloc.o)
                0x00024228                free
 .text._malloc_r
                0x00024238      0x560 c:/gcc-arm-none-eabi-10.3-2021.10/bin/../lib/gcc/arm-none-eabi/10.3.1/../../../../arm-none-eabi/lib/thumb/v7e-m/nofp\libg.a(lib_a-mallocr.o)
                0x00024238                _malloc_r
 *fill*         0x00024798        0x8 
 .text          0x000247a0       0xa0 c:/gcc-arm-none-eabi-10.3-2021.10/bin/../lib/gcc/arm-none-eabi/10.3.1/../../../../arm-none-eabi/lib/thumb/v7e-m/nofp\libg.a(lib_a-memchr.o)
                0x000247a0                memchr
 .text.memcmp   0x00024840       0x68 c:/gcc-arm-none-eabi-10.3-2021.10/bin/../lib/gcc/arm-none-eabi/10.3.1/../../../../arm-none-eabi/lib/thumb/v7e-m/nofp\libg.a(lib_a-memcmp.o)
                0x00024840                memcmp
 .text          0x000248a8      0x134 c:/gcc-arm-none-eabi-10.3-2021.10/bin/../lib/gcc/arm-none-eabi/10.3.1/../../../../arm-none-eabi/lib/thumb/v7e-m/nofp\libg.a(lib_a-memcpy.o)
                0x000248a8                memcpy
 .text.memmove  0x000249dc       0xf8 c:/gcc-arm-none-eabi-10.3-2021.10/bin/../lib/gcc/arm-none-eabi/10.3.1/../../../../arm-none-eabi/lib/thumb/v7e-m/nofp\libg.a(lib_a-memmove.o)
                0x000249dc                memmove
 .text.memset   0x00024ad4       0xa4 c:/gcc-arm-none-eabi-10.3-2021.10/bin/../lib/gcc/arm-none-eabi/10.3.1/../../../../arm-none-eabi/lib/thumb/v7e-m/nofp\libg.a(lib_a-memset.o)
                0x00024ad4                memset
 .text.__malloc_lock
                0x00024b78        0xc c:/gcc-arm-none-eabi-10.3-2021.10/bin/../lib/gcc/arm-none-eabi/10.3.1/../../../../arm-none-eabi/lib/thumb/v7e-m/nofp\libg.a(lib_a-mlock.o)
                0x00024b78                __malloc_lock
 .text.__malloc_unlock
                0x00024b84        0xc c:/gcc-arm-none-eabi-10.3-2021.10/bin/../lib/gcc/arm-none-eabi/10.3.1/../../../../arm-none-eabi/lib/thumb/v7e-m/nofp\libg.a(lib_a-mlock.o)
                0x00024b84                __malloc_unlock
 .text._putc_r  0x00024b90       0x74 c:/gcc-arm-none-eabi-10.3-2021.10/bin/../lib/gcc/arm-none-eabi/10.3.1/../../../../arm-none-eabi/lib/thumb/v7e-m/nofp\libg.a(lib_a-putc.o)
                0x00024b90                _putc_r
 .text.realloc  0x00024c04       0x18 c:/gcc-arm-none-eabi-10.3-2021.10/bin/../lib/gcc/arm-none-eabi/10.3.1/../../../../arm-none-eabi/lib/thumb/v7e-m/nofp\libg.a(lib_a-realloc.o)
                0x00024c04                realloc
 .text._realloc_r
                0x00024c1c      0x3d8 c:/gcc-arm-none-eabi-10.3-2021.10/bin/../lib/gcc/arm-none-eabi/10.3.1/../../../../arm-none-eabi/lib/thumb/v7e-m/nofp\libg.a(lib_a-reallocr.o)
                0x00024c1c                _realloc_r
 .text._sbrk_r  0x00024ff4       0x24 c:/gcc-arm-none-eabi-10.3-2021.10/bin/../lib/gcc/arm-none-eabi/10.3.1/../../../../arm-none-eabi/lib/thumb/v7e-m/nofp\libg.a(lib_a-sbrkr.o)
                0x00024ff4                _sbrk_r
 .text.raise    0x00025018       0x5c c:/gcc-arm-none-eabi-10.3-2021.10/bin/../lib/gcc/arm-none-eabi/10.3.1/../../../../arm-none-eabi/lib/thumb/v7e-m/nofp\libg.a(lib_a-signal.o)
                0x00025018                raise
 .text._kill_r  0x00025074       0x2c c:/gcc-arm-none-eabi-10.3-2021.10/bin/../lib/gcc/arm-none-eabi/10.3.1/../../../../arm-none-eabi/lib/thumb/v7e-m/nofp\libg.a(lib_a-signalr.o)
                0x00025074                _kill_r
 .text._getpid_r
                0x000250a0        0x4 c:/gcc-arm-none-eabi-10.3-2021.10/bin/../lib/gcc/arm-none-eabi/10.3.1/../../../../arm-none-eabi/lib/thumb/v7e-m/nofp\libg.a(lib_a-signalr.o)
                0x000250a0                _getpid_r
 .text.sprintf  0x000250a4       0x40 c:/gcc-arm-none-eabi-10.3-2021.10/bin/../lib/gcc/arm-none-eabi/10.3.1/../../../../arm-none-eabi/lib/thumb/v7e-m/nofp\libg.a(lib_a-sprintf.o)
                0x000250a4                sprintf
 *fill*         0x000250e4       0x1c 
 .text          0x00025100      0x2dc c:/gcc-arm-none-eabi-10.3-2021.10/bin/../lib/gcc/arm-none-eabi/10.3.1/../../../../arm-none-eabi/lib/thumb/v7e-m/nofp\libg.a(lib_a-strcmp.o)
                0x00025108                strcmp
 .text.strcpy   0x000253dc       0xbc c:/gcc-arm-none-eabi-10.3-2021.10/bin/../lib/gcc/arm-none-eabi/10.3.1/../../../../arm-none-eabi/lib/thumb/v7e-m/nofp\libg.a(lib_a-strcpy.o)
                0x000253dc                strcpy
 *fill*         0x00025498       0x28 
 .text          0x000254c0       0xdc c:/gcc-arm-none-eabi-10.3-2021.10/bin/../lib/gcc/arm-none-eabi/10.3.1/../../../../arm-none-eabi/lib/thumb/v7e-m/nofp\libg.a(lib_a-strlen.o)
                0x000254c0                strlen
 .text.strncmp  0x0002559c       0x80 c:/gcc-arm-none-eabi-10.3-2021.10/bin/../lib/gcc/arm-none-eabi/10.3.1/../../../../arm-none-eabi/lib/thumb/v7e-m/nofp\libg.a(lib_a-strncmp.o)
                0x0002559c                strncmp
 .text._svfprintf_r
                0x0002561c     0x1a3c c:/gcc-arm-none-eabi-10.3-2021.10/bin/../lib/gcc/arm-none-eabi/10.3.1/../../../../arm-none-eabi/lib/thumb/v7e-m/nofp\libg.a(lib_a-svfprintf.o)
                0x0002561c                _svfprintf_r
 .text.__swbuf_r
                0x00027058       0xb0 c:/gcc-arm-none-eabi-10.3-2021.10/bin/../lib/gcc/arm-none-eabi/10.3.1/../../../../arm-none-eabi/lib/thumb/v7e-m/nofp\libg.a(lib_a-wbuf.o)
                0x00027058                __swbuf_r
 .text._write_r
                0x00027108       0x2c c:/gcc-arm-none-eabi-10.3-2021.10/bin/../lib/gcc/arm-none-eabi/10.3.1/../../../../arm-none-eabi/lib/thumb/v7e-m/nofp\libg.a(lib_a-writer.o)
                0x00027108                _write_r
 .text.__swsetup_r
                0x00027134       0xd4 c:/gcc-arm-none-eabi-10.3-2021.10/bin/../lib/gcc/arm-none-eabi/10.3.1/../../../../arm-none-eabi/lib/thumb/v7e-m/nofp\libg.a(lib_a-wsetup.o)